Archive member included to satisfy reference by file (symbol)

/Users/pete/samd21/gcc-arm-none-eabi-6-2017-q1-update/bin/../lib/gcc/arm-none-eabi/6.3.1/../../../../arm-none-eabi/lib/thumb/v6-m/libm.a(lib_a-wf_asin.o)
                              build/obj/MadgwickAHRS.o (asinf)
/Users/pete/samd21/gcc-arm-none-eabi-6-2017-q1-update/bin/../lib/gcc/arm-none-eabi/6.3.1/../../../../arm-none-eabi/lib/thumb/v6-m/libm.a(lib_a-wf_atan2.o)
                              build/obj/MadgwickAHRS.o (atan2f)
/Users/pete/samd21/gcc-arm-none-eabi-6-2017-q1-update/bin/../lib/gcc/arm-none-eabi/6.3.1/../../../../arm-none-eabi/lib/thumb/v6-m/libm.a(lib_a-wf_sqrt.o)
                              build/obj/MadgwickAHRS.o (sqrtf)
/Users/pete/samd21/gcc-arm-none-eabi-6-2017-q1-update/bin/../lib/gcc/arm-none-eabi/6.3.1/../../../../arm-none-eabi/lib/thumb/v6-m/libm.a(lib_a-ef_asin.o)
                              /Users/pete/samd21/gcc-arm-none-eabi-6-2017-q1-update/bin/../lib/gcc/arm-none-eabi/6.3.1/../../../../arm-none-eabi/lib/thumb/v6-m/libm.a(lib_a-wf_asin.o) (__ieee754_asinf)
/Users/pete/samd21/gcc-arm-none-eabi-6-2017-q1-update/bin/../lib/gcc/arm-none-eabi/6.3.1/../../../../arm-none-eabi/lib/thumb/v6-m/libm.a(lib_a-ef_atan2.o)
                              /Users/pete/samd21/gcc-arm-none-eabi-6-2017-q1-update/bin/../lib/gcc/arm-none-eabi/6.3.1/../../../../arm-none-eabi/lib/thumb/v6-m/libm.a(lib_a-wf_atan2.o) (__ieee754_atan2f)
/Users/pete/samd21/gcc-arm-none-eabi-6-2017-q1-update/bin/../lib/gcc/arm-none-eabi/6.3.1/../../../../arm-none-eabi/lib/thumb/v6-m/libm.a(lib_a-ef_sqrt.o)
                              /Users/pete/samd21/gcc-arm-none-eabi-6-2017-q1-update/bin/../lib/gcc/arm-none-eabi/6.3.1/../../../../arm-none-eabi/lib/thumb/v6-m/libm.a(lib_a-wf_sqrt.o) (__ieee754_sqrtf)
/Users/pete/samd21/gcc-arm-none-eabi-6-2017-q1-update/bin/../lib/gcc/arm-none-eabi/6.3.1/../../../../arm-none-eabi/lib/thumb/v6-m/libm.a(lib_a-s_lib_ver.o)
                              /Users/pete/samd21/gcc-arm-none-eabi-6-2017-q1-update/bin/../lib/gcc/arm-none-eabi/6.3.1/../../../../arm-none-eabi/lib/thumb/v6-m/libm.a(lib_a-wf_asin.o) (__fdlib_version)
/Users/pete/samd21/gcc-arm-none-eabi-6-2017-q1-update/bin/../lib/gcc/arm-none-eabi/6.3.1/../../../../arm-none-eabi/lib/thumb/v6-m/libm.a(lib_a-s_matherr.o)
                              /Users/pete/samd21/gcc-arm-none-eabi-6-2017-q1-update/bin/../lib/gcc/arm-none-eabi/6.3.1/../../../../arm-none-eabi/lib/thumb/v6-m/libm.a(lib_a-wf_asin.o) (matherr)
/Users/pete/samd21/gcc-arm-none-eabi-6-2017-q1-update/bin/../lib/gcc/arm-none-eabi/6.3.1/../../../../arm-none-eabi/lib/thumb/v6-m/libm.a(lib_a-s_nan.o)
                              /Users/pete/samd21/gcc-arm-none-eabi-6-2017-q1-update/bin/../lib/gcc/arm-none-eabi/6.3.1/../../../../arm-none-eabi/lib/thumb/v6-m/libm.a(lib_a-wf_asin.o) (nan)
/Users/pete/samd21/gcc-arm-none-eabi-6-2017-q1-update/bin/../lib/gcc/arm-none-eabi/6.3.1/../../../../arm-none-eabi/lib/thumb/v6-m/libm.a(lib_a-sf_atan.o)
                              /Users/pete/samd21/gcc-arm-none-eabi-6-2017-q1-update/bin/../lib/gcc/arm-none-eabi/6.3.1/../../../../arm-none-eabi/lib/thumb/v6-m/libm.a(lib_a-ef_atan2.o) (atanf)
/Users/pete/samd21/gcc-arm-none-eabi-6-2017-q1-update/bin/../lib/gcc/arm-none-eabi/6.3.1/../../../../arm-none-eabi/lib/thumb/v6-m/libm.a(lib_a-sf_fabs.o)
                              /Users/pete/samd21/gcc-arm-none-eabi-6-2017-q1-update/bin/../lib/gcc/arm-none-eabi/6.3.1/../../../../arm-none-eabi/lib/thumb/v6-m/libm.a(lib_a-wf_asin.o) (fabsf)
/Users/pete/samd21/gcc-arm-none-eabi-6-2017-q1-update/bin/../lib/gcc/arm-none-eabi/6.3.1/thumb/v6-m/libgcc.a(_udivsi3.o)
                              build/obj/i2c_master.o (__aeabi_uidiv)
/Users/pete/samd21/gcc-arm-none-eabi-6-2017-q1-update/bin/../lib/gcc/arm-none-eabi/6.3.1/thumb/v6-m/libgcc.a(_divsi3.o)
                              build/obj/inv_mpu.o (__aeabi_idiv)
/Users/pete/samd21/gcc-arm-none-eabi-6-2017-q1-update/bin/../lib/gcc/arm-none-eabi/6.3.1/thumb/v6-m/libgcc.a(_dvmd_tls.o)
                              /Users/pete/samd21/gcc-arm-none-eabi-6-2017-q1-update/bin/../lib/gcc/arm-none-eabi/6.3.1/thumb/v6-m/libgcc.a(_udivsi3.o) (__aeabi_idiv0)
/Users/pete/samd21/gcc-arm-none-eabi-6-2017-q1-update/bin/../lib/gcc/arm-none-eabi/6.3.1/thumb/v6-m/libgcc.a(_arm_cmpdf2.o)
                              build/obj/inv_mpu.o (__aeabi_dcmpgt)
/Users/pete/samd21/gcc-arm-none-eabi-6-2017-q1-update/bin/../lib/gcc/arm-none-eabi/6.3.1/thumb/v6-m/libgcc.a(_arm_cmpsf2.o)
                              build/obj/MadgwickAHRS.o (__aeabi_fcmpeq)
/Users/pete/samd21/gcc-arm-none-eabi-6-2017-q1-update/bin/../lib/gcc/arm-none-eabi/6.3.1/thumb/v6-m/libgcc.a(_aeabi_ldivmod.o)
                              build/obj/inv_mpu.o (__aeabi_ldivmod)
/Users/pete/samd21/gcc-arm-none-eabi-6-2017-q1-update/bin/../lib/gcc/arm-none-eabi/6.3.1/thumb/v6-m/libgcc.a(_muldi3.o)
                              build/obj/sercom.o (__aeabi_lmul)
[...]
Memory Configuration

Name             Origin             Length             Attributes
flash0           0x0000000000000000 0x0000000000040000
ram0             0x0000000020000000 0x0000000000008000
ram1             0x0000000000000000 0x0000000000000000
ram2             0x0000000000000000 0x0000000000000000
ram3             0x0000000000000000 0x0000000000000000
ram4             0x0000000000000000 0x0000000000000000
ram5             0x0000000000000000 0x0000000000000000
ram6             0x0000000000000000 0x0000000000000000
ram7             0x0000000000000000 0x0000000000000000
*default*        0x0000000000000000 0xffffffffffffffff

Linker script and memory map

LOAD build/obj/crt0_v6m.o
LOAD build/obj/chcoreasm_v6m.o
LOAD build/obj/crt1.o
LOAD build/obj/vectors.o
LOAD build/obj/ch.o
LOAD build/obj/chmboxes.o
LOAD build/obj/chmemcore.o
LOAD build/obj/chmempools.o
LOAD build/obj/chcore.o
LOAD build/obj/chcore_v6m.o
LOAD build/obj/sercom.o
LOAD build/obj/usart.o
LOAD build/obj/spi.o
LOAD build/obj/i2c_master.o
LOAD build/obj/clock.o
LOAD build/obj/gclk.o
LOAD build/obj/rtc_calendar.o
LOAD build/obj/interrupt_sam_nvic.o
LOAD build/obj/pinmux.o
LOAD build/obj/syscalls.o
LOAD build/obj/system.o
LOAD build/obj/port.o
LOAD build/obj/dma.o
LOAD build/obj/extint_callback.o
LOAD build/obj/extint.o
LOAD build/obj/xprintf.o
LOAD build/obj/inv_mpu.o
LOAD build/obj/inv_mpu_dmp_motion_driver.o
LOAD build/obj/diskio.o
LOAD build/obj/sam_ba_cdc.o
LOAD build/obj/sam_ba_usb.o
LOAD build/obj/board_driver_usb.o
LOAD build/obj/adcThread.o
LOAD build/obj/ff.o
LOAD build/obj/ffsystem.o
LOAD build/obj/ffunicode.o
LOAD build/obj/TinyGPS++.o
LOAD build/obj/MadgwickAHRS.o
LOAD build/obj/usbThread.o
LOAD build/obj/gpsThread.o
LOAD build/obj/mpuThread.o
LOAD build/obj/main.o

.mstack         0x0000000020000000      0x400
                0x0000000020000000                . = ALIGN (0x8)
                0x0000000020000000                __main_stack_base__ = .
                0x0000000020000400                . = (. + __main_stack_size__)
 *fill*         0x0000000020000000      0x400 
                0x0000000020000400                . = ALIGN (0x8)
                0x0000000020000400                __main_stack_end__ = .

.pstack         0x0000000020000400      0x400
                0x0000000020000400                __process_stack_base__ = .
                0x0000000020000400                __main_thread_stack_base__ = .
                0x0000000020000800                . = (. + __process_stack_size__)
 *fill*         0x0000000020000400      0x400 
                0x0000000020000800                . = ALIGN (0x8)
                0x0000000020000800                __process_stack_end__ = .
                0x0000000020000800                __main_thread_stack_end__ = .
                0x0000000020000800                . = ALIGN (0x4)
                0x0000000020000800                _end = .

.vectors        0x0000000000000000       0xb0
 *(.vectors)
 .vectors       0x0000000000000000       0xb0 build/obj/vectors.o
                0x0000000000000000                _vectors

.xtors          0x00000000000000b0        0x8
                0x00000000000000b0                __init_array_start = .
 *(SORT(.init_array.*))
 *(.init_array)
 .init_array    0x00000000000000b0        0x4 build/obj/gpsThread.o
 .init_array    0x00000000000000b4        0x4 build/obj/mpuThread.o
                0x00000000000000b8                __init_array_end = .
                0x00000000000000b8                __fini_array_start = .
 *(.fini_array)
 *(SORT(.fini_array.*))
                0x00000000000000b8                __fini_array_end = .

.text           0x00000000000000c0     0xdcc6
 *(.text)
 .text          0x00000000000000c0       0xd0 build/obj/crt0_v6m.o
                0x00000000000000c0                Reset_Handler
 .text          0x0000000000000190       0x44 build/obj/chcoreasm_v6m.o
                0x0000000000000190                _port_switch
                0x00000000000001b0                _port_thread_start
                0x00000000000001bc                _port_switch_from_isr
                0x00000000000001c0                _port_exit_from_isr
 .text          0x00000000000001d4      0x114 /Users/pete/samd21/gcc-arm-none-eabi-6-2017-q1-update/bin/../lib/gcc/arm-none-eabi/6.3.1/thumb/v6-m/libgcc.a(_udivsi3.o)
                0x00000000000001d4                __udivsi3
                0x00000000000001d4                __aeabi_uidiv
                0x00000000000002e0                __aeabi_uidivmod
 .text          0x00000000000002e8      0x1d4 /Users/pete/samd21/gcc-arm-none-eabi-6-2017-q1-update/bin/../lib/gcc/arm-none-eabi/6.3.1/thumb/v6-m/libgcc.a(_divsi3.o)
                0x00000000000002e8                __aeabi_idiv
                0x00000000000002e8                __divsi3
                0x00000000000004b4                __aeabi_idivmod
 .text          0x00000000000004bc        0x4 /Users/pete/samd21/gcc-arm-none-eabi-6-2017-q1-update/bin/../lib/gcc/arm-none-eabi/6.3.1/thumb/v6-m/libgcc.a(_dvmd_tls.o)
                0x00000000000004bc                __aeabi_ldiv0
                0x00000000000004bc                __aeabi_idiv0
 .text          0x00000000000004c0       0x74 /Users/pete/samd21/gcc-arm-none-eabi-6-2017-q1-update/bin/../lib/gcc/arm-none-eabi/6.3.1/thumb/v6-m/libgcc.a(_arm_cmpsf2.o)
                0x00000000000004c0                __aeabi_cfrcmple
                0x00000000000004c8                __aeabi_cfcmple
                0x00000000000004c8                __aeabi_cfcmpeq
                0x00000000000004d8                __aeabi_fcmpeq
                0x00000000000004e4                __aeabi_fcmplt
                0x00000000000004f8                __aeabi_fcmple
                0x000000000000050c                __aeabi_fcmpgt
                0x0000000000000520                __aeabi_fcmpge
 .text          0x0000000000000534       0x54 /Users/pete/samd21/gcc-arm-none-eabi-6-2017-q1-update/bin/../lib/gcc/arm-none-eabi/6.3.1/thumb/v6-m/libgcc.a(_muldi3.o)
                0x0000000000000534                __aeabi_lmul
                0x0000000000000534                __muldi3
 .text          0x0000000000000588       0x30 /Users/pete/samd21/gcc-arm-none-eabi-6-2017-q1-update/bin/../lib/gcc/arm-none-eabi/6.3.1/thumb/v6-m/libgcc.a(_fixunssfsi.o)
                0x0000000000000588                __aeabi_f2uiz
                0x0000000000000588                __fixunssfsi
 .text          0x00000000000005b8      0x324 /Users/pete/samd21/gcc-arm-none-eabi-6-2017-q1-update/bin/../lib/gcc/arm-none-eabi/6.3.1/thumb/v6-m/libgcc.a(addsf3.o)
                0x00000000000005b8                __aeabi_fadd
 .text          0x00000000000008dc      0x290 /Users/pete/samd21/gcc-arm-none-eabi-6-2017-q1-update/bin/../lib/gcc/arm-none-eabi/6.3.1/thumb/v6-m/libgcc.a(divsf3.o)
                0x00000000000008dc                __aeabi_fdiv
 .text          0x0000000000000b6c       0x4c /Users/pete/samd21/gcc-arm-none-eabi-6-2017-q1-update/bin/../lib/gcc/arm-none-eabi/6.3.1/thumb/v6-m/libgcc.a(eqsf2.o)
                0x0000000000000b6c                __nesf2
                0x0000000000000b6c                __eqsf2
 .text          0x0000000000000bb8       0x80 /Users/pete/samd21/gcc-arm-none-eabi-6-2017-q1-update/bin/../lib/gcc/arm-none-eabi/6.3.1/thumb/v6-m/libgcc.a(gesf2.o)
                0x0000000000000bb8                __gtsf2
                0x0000000000000bb8                __gesf2
 .text          0x0000000000000c38       0x84 /Users/pete/samd21/gcc-arm-none-eabi-6-2017-q1-update/bin/../lib/gcc/arm-none-eabi/6.3.1/thumb/v6-m/libgcc.a(lesf2.o)
                0x0000000000000c38                __lesf2
                0x0000000000000c38                __ltsf2
 .text          0x0000000000000cbc      0x240 /Users/pete/samd21/gcc-arm-none-eabi-6-2017-q1-update/bin/../lib/gcc/arm-none-eabi/6.3.1/thumb/v6-m/libgcc.a(mulsf3.o)
                0x0000000000000cbc                __aeabi_fmul
 .text          0x0000000000000efc      0x338 /Users/pete/samd21/gcc-arm-none-eabi-6-2017-q1-update/bin/../lib/gcc/arm-none-eabi/6.3.1/thumb/v6-m/libgcc.a(subsf3.o)
                0x0000000000000efc                __aeabi_fsub
 .text          0x0000000000001234       0x30 /Users/pete/samd21/gcc-arm-none-eabi-6-2017-q1-update/bin/../lib/gcc/arm-none-eabi/6.3.1/thumb/v6-m/libgcc.a(unordsf2.o)
                0x0000000000001234                __aeabi_fcmpun
 .text          0x0000000000001264       0x40 /Users/pete/samd21/gcc-arm-none-eabi-6-2017-q1-update/bin/../lib/gcc/arm-none-eabi/6.3.1/thumb/v6-m/libgcc.a(fixsfsi.o)
                0x0000000000001264                __aeabi_f2iz
 .text          0x00000000000012a4       0xa0 /Users/pete/samd21/gcc-arm-none-eabi-6-2017-q1-update/bin/../lib/gcc/arm-none-eabi/6.3.1/thumb/v6-m/libgcc.a(floatsisf.o)
                0x00000000000012a4                __aeabi_i2f
 .text          0x0000000000001344       0x8c /Users/pete/samd21/gcc-arm-none-eabi-6-2017-q1-update/bin/../lib/gcc/arm-none-eabi/6.3.1/thumb/v6-m/libgcc.a(floatunsisf.o)
                0x0000000000001344                __aeabi_ui2f
 .text          0x00000000000013d0      0x668 /Users/pete/samd21/gcc-arm-none-eabi-6-2017-q1-update/bin/../lib/gcc/arm-none-eabi/6.3.1/thumb/v6-m/libgcc.a(divdf3.o)
                0x00000000000013d0                __aeabi_ddiv
 .text          0x0000000000001a38       0xa4 /Users/pete/samd21/gcc-arm-none-eabi-6-2017-q1-update/bin/../lib/gcc/arm-none-eabi/6.3.1/thumb/v6-m/libgcc.a(extendsfdf2.o)
                0x0000000000001a38                __aeabi_f2d
 .text          0x0000000000001adc      0x114 /Users/pete/samd21/gcc-arm-none-eabi-6-2017-q1-update/bin/../lib/gcc/arm-none-eabi/6.3.1/thumb/v6-m/libgcc.a(truncdfsf2.o)
                0x0000000000001adc                __aeabi_d2f
 .text          0x0000000000001bf0      0xa38 /Users/pete/samd21/gcc-arm-none-eabi-6-2017-q1-update/bin/../lib/gcc/arm-none-eabi/6.3.1/thumb/v6-m/libgcc.a(unwind-arm.o)
                0x0000000000001ec0                _Unwind_GetCFA
                0x0000000000001ec4                __gnu_Unwind_RaiseException
                0x0000000000001f18                __gnu_Unwind_ForcedUnwind
                0x0000000000001f2c                __gnu_Unwind_Resume
                0x0000000000001f74                __gnu_Unwind_Resume_or_Rethrow
                0x0000000000001f90                _Unwind_Complete
                0x0000000000001f94                _Unwind_DeleteException
                0x0000000000001fa4                _Unwind_VRS_Get
                0x0000000000001ff0                _Unwind_VRS_Set
                0x000000000000203c                __gnu_Unwind_Backtrace
                0x000000000000239c                __aeabi_unwind_cpp_pr0
                0x00000000000023a8                __aeabi_unwind_cpp_pr1
                0x00000000000023b4                __aeabi_unwind_cpp_pr2
                0x00000000000023c0                _Unwind_VRS_Pop
 .text          0x0000000000002628      0x144 /Users/pete/samd21/gcc-arm-none-eabi-6-2017-q1-update/bin/../lib/gcc/arm-none-eabi/6.3.1/thumb/v6-m/libgcc.a(libunwind.o)
                0x0000000000002628                __restore_core_regs
                0x0000000000002628                restore_core_regs
                0x0000000000002654                __gnu_Unwind_Restore_VFP
                0x0000000000002658                __gnu_Unwind_Save_VFP
                0x000000000000265c                __gnu_Unwind_Restore_VFP_D
                0x0000000000002660                __gnu_Unwind_Save_VFP_D
                0x0000000000002664                __gnu_Unwind_Restore_VFP_D_16_to_31
                0x0000000000002668                __gnu_Unwind_Save_VFP_D_16_to_31
                0x000000000000266c                __gnu_Unwind_Restore_WMMXD
                0x0000000000002670                __gnu_Unwind_Save_WMMXD
                0x0000000000002674                __gnu_Unwind_Restore_WMMXC
                0x0000000000002678                __gnu_Unwind_Save_WMMXC
                0x000000000000267c                _Unwind_RaiseException
                0x000000000000267c                ___Unwind_RaiseException
                0x00000000000026ac                ___Unwind_Resume
                0x00000000000026ac                _Unwind_Resume
                0x00000000000026dc                ___Unwind_Resume_or_Rethrow
                0x00000000000026dc                _Unwind_Resume_or_Rethrow
                0x000000000000270c                _Unwind_ForcedUnwind
                0x000000000000270c                ___Unwind_ForcedUnwind
                0x000000000000273c                _Unwind_Backtrace
                0x000000000000273c                ___Unwind_Backtrace
 .text          0x000000000000276c      0x3a8 /Users/pete/samd21/gcc-arm-none-eabi-6-2017-q1-update/bin/../lib/gcc/arm-none-eabi/6.3.1/thumb/v6-m/libgcc.a(pr-support.o)
                0x00000000000027c0                __gnu_unwind_execute
                0x0000000000002abc                __gnu_unwind_frame
                0x0000000000002ae4                _Unwind_GetRegionStart
                0x0000000000002af0                _Unwind_GetLanguageSpecificData
                0x0000000000002b04                _Unwind_GetTextRelBase
                0x0000000000002b0c                _Unwind_GetDataRelBase
 .text          0x0000000000002b14       0x3c /Users/pete/samd21/gcc-arm-none-eabi-6-2017-q1-update/bin/../lib/gcc/arm-none-eabi/6.3.1/thumb/v6-m/libgcc.a(_clzsi2.o)
                0x0000000000002b14                __clzsi2
 .text          0x0000000000002b50       0x14 /Users/pete/samd21/gcc-arm-none-eabi-6-2017-q1-update/bin/../lib/gcc/arm-none-eabi/6.3.1/../../../../arm-none-eabi/lib/thumb/v6-m/libg_nano.a(lib_a-strcmp.o)
                0x0000000000002b50                strcmp
 .text          0x0000000000002b64        0xe /Users/pete/samd21/gcc-arm-none-eabi-6-2017-q1-update/bin/../lib/gcc/arm-none-eabi/6.3.1/../../../../arm-none-eabi/lib/thumb/v6-m/libg_nano.a(lib_a-strlen.o)
                0x0000000000002b64                strlen
 *(.text.*)
 *fill*         0x0000000000002b72        0xe 
 .text.__core_init
                0x0000000000002b80        0x4 build/obj/crt1.o
                0x0000000000002b80                __core_init
 *fill*         0x0000000000002b84        0xc 
 .text.__early_init
                0x0000000000002b90        0x4 build/obj/crt1.o
                0x0000000000002b90                __early_init
 *fill*         0x0000000000002b94        0xc 
 .text.__late_init
                0x0000000000002ba0        0x4 build/obj/crt1.o
                0x0000000000002ba0                __late_init
 *fill*         0x0000000000002ba4        0xc 
 .text.__default_exit
                0x0000000000002bb0        0x4 build/obj/crt1.o
                0x0000000000002bb0                __default_exit
 *fill*         0x0000000000002bb4        0xc 
 .text.__init_ram_areas
                0x0000000000002bc0       0x38 build/obj/crt1.o
                0x0000000000002bc0                __init_ram_areas
 *fill*         0x0000000000002bf8        0x8 
 .text._unhandled_exception
                0x0000000000002c00        0x4 build/obj/vectors.o
                0x0000000000002c00                Vector20
                0x0000000000002c00                Vector9C
                0x0000000000002c00                VectorAC
                0x0000000000002c00                DebugMon_Handler
                0x0000000000002c00                Vector8C
                0x0000000000002c00                Vector94
                0x0000000000002c00                VectorA8
                0x0000000000002c00                Vector40
                0x0000000000002c00                USB_Handler
                0x0000000000002c00                Vector54
                0x0000000000002c00                Vector98
                0x0000000000002c00                Vector24
                0x0000000000002c00                Vector84
                0x0000000000002c00                SERCOM5_Handler
                0x0000000000002c00                VectorA0
                0x0000000000002c00                SVC_Handler
                0x0000000000002c00                EVSYS_Handler
                0x0000000000002c00                Vector7C
                0x0000000000002c00                SERCOM3_Handler
                0x0000000000002c00                SERCOM4_Handler
                0x0000000000002c00                Vector90
                0x0000000000002c00                Vector1C
                0x0000000000002c00                Vector48
                0x0000000000002c00                Vector80
                0x0000000000002c00                _unhandled_exception
                0x0000000000002c00                Vector88
                0x0000000000002c00                Vector44
                0x0000000000002c00                Vector28
                0x0000000000002c00                Vector34
                0x0000000000002c00                VectorA4
                0x0000000000002c00                Vector58
 *fill*         0x0000000000002c04        0xc 
 .text._HardFault_Handler
                0x0000000000002c10       0x18 build/obj/vectors.o
                0x0000000000002c10                HardFault_Handler
                0x0000000000002c10                _HardFault_Handler
 *fill*         0x0000000000002c28        0x8 
 .text._MemManage_Handler
                0x0000000000002c30        0x4 build/obj/vectors.o
                0x0000000000002c30                _MemManage_Handler
                0x0000000000002c30                MemManage_Handler
 *fill*         0x0000000000002c34        0xc 
 .text._BusFault_Handler
                0x0000000000002c40        0x4 build/obj/vectors.o
                0x0000000000002c40                _BusFault_Handler
                0x0000000000002c40                BusFault_Handler
 *fill*         0x0000000000002c44        0xc 
 .text._UsageFault_Handler
                0x0000000000002c50        0x4 build/obj/vectors.o
                0x0000000000002c50                UsageFault_Handler
                0x0000000000002c50                _UsageFault_Handler
 *fill*         0x0000000000002c54        0xc 
 .text.HardFault_HandlerC
                0x0000000000002c60       0x64 build/obj/vectors.o
                0x0000000000002c60                HardFault_HandlerC
 *fill*         0x0000000000002cc4        0xc 
 .text.chSysHalt
                0x0000000000002cd0       0x14 build/obj/ch.o
                0x0000000000002cd0                chSysHalt
 *fill*         0x0000000000002ce4        0xc 
 .text.chSysInit
                0x0000000000002cf0       0x84 build/obj/ch.o
                0x0000000000002cf0                chSysInit
 *fill*         0x0000000000002d74        0xc 
 .text.chSchReadyI
                0x0000000000002d80       0x1c build/obj/ch.o
                0x0000000000002d80                chSchReadyI
 *fill*         0x0000000000002d9c        0x4 
 .text.chSysTimerHandlerI
                0x0000000000002da0       0x58 build/obj/ch.o
                0x0000000000002da0                chSysTimerHandlerI
 *fill*         0x0000000000002df8        0x8 
 .text.chSchIsPreemptionRequired
                0x0000000000002e00       0x14 build/obj/ch.o
                0x0000000000002e00                chSchIsPreemptionRequired
 *fill*         0x0000000000002e14        0xc 
 .text.chSchDoReschedule
                0x0000000000002e20       0x2c build/obj/ch.o
                0x0000000000002e20                chSchDoReschedule
 *fill*         0x0000000000002e4c        0x4 
 .text.chSchGoSleepTimeoutS
                0x0000000000002e50       0x50 build/obj/ch.o
                0x0000000000002e50                chSchGoSleepTimeoutS
 .text.chThdSleep
                0x0000000000002ea0       0x10 build/obj/ch.o
                0x0000000000002ea0                chThdSleep
 .text.chEvtSignalI
                0x0000000000002eb0       0x20 build/obj/ch.o
                0x0000000000002eb0                chEvtSignalI
 .text.chEvtWaitAnyTimeout
                0x0000000000002ed0       0x3c build/obj/ch.o
                0x0000000000002ed0                chEvtWaitAnyTimeout
 *fill*         0x0000000000002f0c        0x4 
 .text.PendSV_Handler
                0x0000000000002f10       0x14 build/obj/chcore_v6m.o
                0x0000000000002f10                PendSV_Handler
 *fill*         0x0000000000002f24        0xc 
 .text._port_irq_epilogue
                0x0000000000002f30       0x40 build/obj/chcore_v6m.o
                0x0000000000002f30                _port_irq_epilogue
 .text.long_division
                0x0000000000002f70       0xbc build/obj/sercom.o
 *fill*         0x000000000000302c        0x4 
 .text._sercom_get_sync_baud_val
                0x0000000000003030       0x28 build/obj/sercom.o
                0x0000000000003030                _sercom_get_sync_baud_val
 *fill*         0x0000000000003058        0x8 
 .text._sercom_get_async_baud_val
                0x0000000000003060       0x90 build/obj/sercom.o
                0x0000000000003060                _sercom_get_async_baud_val
 .text.sercom_set_gclk_generator
                0x00000000000030f0       0x44 build/obj/sercom.o
                0x00000000000030f0                sercom_set_gclk_generator
 *fill*         0x0000000000003134        0xc 
 .text._sercom_get_default_pad
                0x0000000000003140      0x178 build/obj/sercom.o
                0x0000000000003140                _sercom_get_default_pad
 *fill*         0x00000000000032b8        0x8 
 .text._sercom_get_sercom_inst_index
                0x00000000000032c0       0x38 build/obj/sercom.o
                0x00000000000032c0                _sercom_get_sercom_inst_index
 *fill*         0x00000000000032f8        0x8 
 .text.usart_init
                0x0000000000003300      0x2d4 build/obj/usart.o
                0x0000000000003300                usart_init
 *fill*         0x00000000000035d4        0xc 
 .text.spi_set_baudrate
                0x00000000000035e0       0x78 build/obj/spi.o
                0x00000000000035e0                spi_set_baudrate
 *fill*         0x0000000000003658        0x8 
 .text.spi_init
                0x0000000000003660      0x2a8 build/obj/spi.o
                0x0000000000003660                spi_init
 *fill*         0x0000000000003908        0x8 
 .text._i2c_master_wait_for_sync
                0x0000000000003910        0xc build/obj/i2c_master.o
 *fill*         0x000000000000391c        0x4 
 .text._i2c_master_address_response
                0x0000000000003920       0x30 build/obj/i2c_master.o
 .text._i2c_master_wait_for_bus
                0x0000000000003950       0x2c build/obj/i2c_master.o
 *fill*         0x000000000000397c        0x4 
 .text._i2c_master_read_packet
                0x0000000000003980       0xfc build/obj/i2c_master.o
 *fill*         0x0000000000003a7c        0x4 
 .text._i2c_master_write_packet
                0x0000000000003a80       0xac build/obj/i2c_master.o
 *fill*         0x0000000000003b2c        0x4 
 .text.i2c_master_init
                0x0000000000003b30      0x134 build/obj/i2c_master.o
                0x0000000000003b30                i2c_master_init
 *fill*         0x0000000000003c64        0xc 
 .text.i2c_master_read_packet_wait
                0x0000000000003c70       0x10 build/obj/i2c_master.o
                0x0000000000003c70                i2c_master_read_packet_wait
 .text.i2c_master_write_packet_wait_no_stop
                0x0000000000003c80       0x10 build/obj/i2c_master.o
                0x0000000000003c80                i2c_master_write_packet_wait_no_stop
 .text.i2c_master_send_stop
                0x0000000000003c90       0x14 build/obj/i2c_master.o
                0x0000000000003c90                i2c_master_send_stop
 *fill*         0x0000000000003ca4        0xc 
 .text.i2c_master_write_byte
                0x0000000000003cb0       0x18 build/obj/i2c_master.o
                0x0000000000003cb0                i2c_master_write_byte
 *fill*         0x0000000000003cc8        0x8 
 .text.system_clock_source_get_hz
                0x0000000000003cd0       0x8c build/obj/clock.o
                0x0000000000003cd0                system_clock_source_get_hz
 *fill*         0x0000000000003d5c        0x4 
 .text.system_clock_source_osc8m_set_config
                0x0000000000003d60       0x3c build/obj/clock.o
                0x0000000000003d60                system_clock_source_osc8m_set_config
 *fill*         0x0000000000003d9c        0x4 
 .text.system_clock_source_xosc32k_set_config
                0x0000000000003da0       0xb8 build/obj/clock.o
                0x0000000000003da0                system_clock_source_xosc32k_set_config
 *fill*         0x0000000000003e58        0x8 
 .text.system_clock_source_dfll_set_config
                0x0000000000003e60       0x80 build/obj/clock.o
                0x0000000000003e60                system_clock_source_dfll_set_config
 .text.system_clock_source_enable
                0x0000000000003ee0       0xa8 build/obj/clock.o
                0x0000000000003ee0                system_clock_source_enable
 *fill*         0x0000000000003f88        0x8 
 .text.system_clock_init
                0x0000000000003f90      0x120 build/obj/clock.o
                0x0000000000003f90                system_clock_init
 .text.system_gclk_init
                0x00000000000040b0       0x24 build/obj/gclk.o
                0x00000000000040b0                system_gclk_init
 *fill*         0x00000000000040d4        0xc 
 .text.system_gclk_gen_set_config
                0x00000000000040e0       0xb0 build/obj/gclk.o
                0x00000000000040e0                system_gclk_gen_set_config
 .text.system_gclk_gen_enable
                0x0000000000004190       0x3c build/obj/gclk.o
                0x0000000000004190                system_gclk_gen_enable
 *fill*         0x00000000000041cc        0x4 
 .text.system_gclk_gen_get_hz
                0x00000000000041d0       0x7c build/obj/gclk.o
                0x00000000000041d0                system_gclk_gen_get_hz
 *fill*         0x000000000000424c        0x4 
 .text.system_gclk_chan_enable
                0x0000000000004250       0x28 build/obj/gclk.o
                0x0000000000004250                system_gclk_chan_enable
 *fill*         0x0000000000004278        0x8 
 .text.system_gclk_chan_disable
                0x0000000000004280       0x54 build/obj/gclk.o
                0x0000000000004280                system_gclk_chan_disable
 *fill*         0x00000000000042d4        0xc 
 .text.system_gclk_chan_set_config
                0x00000000000042e0       0x18 build/obj/gclk.o
                0x00000000000042e0                system_gclk_chan_set_config
 *fill*         0x00000000000042f8        0x8 
 .text.system_gclk_chan_get_hz
                0x0000000000004300       0x28 build/obj/gclk.o
                0x0000000000004300                system_gclk_chan_get_hz
 *fill*         0x0000000000004328        0x8 
 .text.rtc_calendar_enable
                0x0000000000004330       0x14 build/obj/rtc_calendar.o
                0x0000000000004330                rtc_calendar_enable
 *fill*         0x0000000000004344        0xc 
 .text.rtc_calendar_disable
                0x0000000000004350       0x1c build/obj/rtc_calendar.o
                0x0000000000004350                rtc_calendar_disable
 *fill*         0x000000000000436c        0x4 
 .text.rtc_calendar_reset
                0x0000000000004370       0x20 build/obj/rtc_calendar.o
                0x0000000000004370                rtc_calendar_reset
 .text.rtc_calendar_time_to_register_value
                0x0000000000004390       0x3c build/obj/rtc_calendar.o
                0x0000000000004390                rtc_calendar_time_to_register_value
 *fill*         0x00000000000043cc        0x4 
 .text.rtc_calendar_register_value_to_time
                0x00000000000043d0       0x40 build/obj/rtc_calendar.o
                0x00000000000043d0                rtc_calendar_register_value_to_time
 .text.rtc_calendar_set_time
                0x0000000000004410       0x14 build/obj/rtc_calendar.o
                0x0000000000004410                rtc_calendar_set_time
 *fill*         0x0000000000004424        0xc 
 .text.rtc_calendar_get_time
                0x0000000000004430       0x44 build/obj/rtc_calendar.o
                0x0000000000004430                rtc_calendar_get_time
 *fill*         0x0000000000004474        0xc 
 .text.rtc_calendar_set_alarm
                0x0000000000004480       0x2c build/obj/rtc_calendar.o
                0x0000000000004480                rtc_calendar_set_alarm
 *fill*         0x00000000000044ac        0x4 
 .text.rtc_calendar_init
                0x00000000000044b0       0x84 build/obj/rtc_calendar.o
                0x00000000000044b0                rtc_calendar_init
 *fill*         0x0000000000004534        0xc 
 .text.rtc_calendar_frequency_correction
                0x0000000000004540       0x30 build/obj/rtc_calendar.o
                0x0000000000004540                rtc_calendar_frequency_correction
 .text.cpu_irq_enter_critical
                0x0000000000004570       0x40 build/obj/interrupt_sam_nvic.o
                0x0000000000004570                cpu_irq_enter_critical
 .text.cpu_irq_leave_critical
                0x00000000000045b0       0x30 build/obj/interrupt_sam_nvic.o
                0x00000000000045b0                cpu_irq_leave_critical
 .text._system_pinmux_config
                0x00000000000045e0       0xa8 build/obj/pinmux.o
 *fill*         0x0000000000004688        0x8 
 .text.system_pinmux_pin_set_config
                0x0000000000004690       0x2c build/obj/pinmux.o
                0x0000000000004690                system_pinmux_pin_set_config
 *fill*         0x00000000000046bc        0x4 
 .text._exit    0x00000000000046c0        0x4 build/obj/syscalls.o
                0x00000000000046c0                _exit
 *fill*         0x00000000000046c4        0xc 
 .text._kill    0x00000000000046d0        0x4 build/obj/syscalls.o
                0x00000000000046d0                _kill
 *fill*         0x00000000000046d4        0xc 
 .text._getpid  0x00000000000046e0        0x8 build/obj/syscalls.o
                0x00000000000046e0                _getpid
 *fill*         0x00000000000046e8        0x8 
 .text._system_dummy_init
                0x00000000000046f0        0x4 build/obj/system.o
                0x00000000000046f0                _system_divas_init
                0x00000000000046f0                system_board_init
                0x00000000000046f0                _system_events_init
                0x00000000000046f0                _system_dummy_init
 *fill*         0x00000000000046f4        0xc 
 .text.system_init
                0x0000000000004700       0x18 build/obj/system.o
                0x0000000000004700                system_init
 *fill*         0x0000000000004718        0x8 
 .text.port_pin_set_config
                0x0000000000004720       0x20 build/obj/port.o
                0x0000000000004720                port_pin_set_config
 .text.dma_get_config_defaults
                0x0000000000004740       0x10 build/obj/dma.o
                0x0000000000004740                dma_get_config_defaults
 .text.dma_allocate
                0x0000000000004750      0x11c build/obj/dma.o
                0x0000000000004750                dma_allocate
 *fill*         0x000000000000486c        0x4 
 .text.dma_start_transfer_job
                0x0000000000004870       0x7c build/obj/dma.o
                0x0000000000004870                dma_start_transfer_job
 *fill*         0x00000000000048ec        0x4 
 .text.dma_descriptor_create
                0x00000000000048f0       0xa8 build/obj/dma.o
                0x00000000000048f0                dma_descriptor_create
 *fill*         0x0000000000004998        0x8 
 .text.dma_add_descriptor
                0x00000000000049a0       0x2c build/obj/dma.o
                0x00000000000049a0                dma_add_descriptor
 *fill*         0x00000000000049cc        0x4 
 .text.extint_register_callback
                0x00000000000049d0       0x2c build/obj/extint_callback.o
                0x00000000000049d0                extint_register_callback
 *fill*         0x00000000000049fc        0x4 
 .text.extint_chan_enable_callback
                0x0000000000004a00       0x20 build/obj/extint_callback.o
                0x0000000000004a00                extint_chan_enable_callback
 .text.extint_chan_disable_callback
                0x0000000000004a20       0x20 build/obj/extint_callback.o
                0x0000000000004a20                extint_chan_disable_callback
 .text.EIC_Handler
                0x0000000000004a40       0x54 build/obj/extint_callback.o
                0x0000000000004a40                EIC_Handler
 *fill*         0x0000000000004a94        0xc 
 .text._extint_enable
                0x0000000000004aa0       0x18 build/obj/extint.o
 *fill*         0x0000000000004ab8        0x8 
 .text._system_extint_init
                0x0000000000004ac0       0x60 build/obj/extint.o
                0x0000000000004ac0                _system_extint_init
 .text.extint_chan_get_config_defaults
                0x0000000000004b20       0x14 build/obj/extint.o
                0x0000000000004b20                extint_chan_get_config_defaults
 *fill*         0x0000000000004b34        0xc 
 .text.extint_chan_set_config
                0x0000000000004b40       0x74 build/obj/extint.o
                0x0000000000004b40                extint_chan_set_config
 *fill*         0x0000000000004bb4        0xc 
 .text.extint_nmi_set_config
                0x0000000000004bc0       0x60 build/obj/extint.o
                0x0000000000004bc0                extint_nmi_set_config
 .text.xputc    0x0000000000004c20       0x38 build/obj/xprintf.o
                0x0000000000004c20                xputc
 *fill*         0x0000000000004c58        0x8 
 .text.xputs    0x0000000000004c60       0x18 build/obj/xprintf.o
                0x0000000000004c60                xputs
 *fill*         0x0000000000004c78        0x8 
 .text.xvprintf
                0x0000000000004c80      0x290 build/obj/xprintf.o
 .text.xprintf  0x0000000000004f10       0x18 build/obj/xprintf.o
                0x0000000000004f10                xprintf
 *fill*         0x0000000000004f28        0x8 
 .text.xsprintf
                0x0000000000004f30       0x2c build/obj/xprintf.o
                0x0000000000004f30                xsprintf
 *fill*         0x0000000000004f5c        0x4 
 .text.set_int_enable
                0x0000000000004f60       0x34 build/obj/inv_mpu.o
                0x0000000000004f60                set_int_enable
 *fill*         0x0000000000004f94        0xc 
 .text.mpu_read_reg
                0x0000000000004fa0       0x44 build/obj/inv_mpu.o
                0x0000000000004fa0                mpu_read_reg
 *fill*         0x0000000000004fe4        0xc 
 .text.mpu_get_temperature
                0x0000000000004ff0       0x94 build/obj/inv_mpu.o
                0x0000000000004ff0                mpu_get_temperature
 *fill*         0x0000000000005084        0xc 
 .text.mpu_reset_fifo
                0x0000000000005090      0x1cc build/obj/inv_mpu.o
                0x0000000000005090                mpu_reset_fifo
 *fill*         0x000000000000525c        0x4 
 .text.mpu_set_gyro_fsr
                0x0000000000005260       0x98 build/obj/inv_mpu.o
                0x0000000000005260                mpu_set_gyro_fsr
 *fill*         0x00000000000052f8        0x8 
 .text.mpu_get_accel_fsr
                0x0000000000005300       0x4c build/obj/inv_mpu.o
                0x0000000000005300                mpu_get_accel_fsr
 *fill*         0x000000000000534c        0x4 
 .text.mpu_set_accel_fsr
                0x0000000000005350       0x8c build/obj/inv_mpu.o
                0x0000000000005350                mpu_set_accel_fsr
 *fill*         0x00000000000053dc        0x4 
 .text.mpu_set_lpf
                0x00000000000053e0       0x94 build/obj/inv_mpu.o
                0x00000000000053e0                mpu_set_lpf
 *fill*         0x0000000000005474        0xc 
 .text.mpu_get_compass_sample_rate
                0x0000000000005480       0x10 build/obj/inv_mpu.o
                0x0000000000005480                mpu_get_compass_sample_rate
 .text.mpu_set_compass_sample_rate
                0x0000000000005490       0x6c build/obj/inv_mpu.o
                0x0000000000005490                mpu_set_compass_sample_rate
 *fill*         0x00000000000054fc        0x4 
 .text.mpu_get_gyro_sens
                0x0000000000005500       0x50 build/obj/inv_mpu.o
                0x0000000000005500                mpu_get_gyro_sens
 .text.mpu_get_accel_sens
                0x0000000000005550       0x54 build/obj/inv_mpu.o
                0x0000000000005550                mpu_get_accel_sens
 *fill*         0x00000000000055a4        0xc 
 .text.mpu_configure_fifo
                0x00000000000055b0       0x64 build/obj/inv_mpu.o
                0x00000000000055b0                mpu_configure_fifo
 *fill*         0x0000000000005614        0xc 
 .text.mpu_get_int_status
                0x0000000000005620       0x44 build/obj/inv_mpu.o
                0x0000000000005620                mpu_get_int_status
 *fill*         0x0000000000005664        0xc 
 .text.mpu_read_fifo_stream
                0x0000000000005670       0xc4 build/obj/inv_mpu.o
                0x0000000000005670                mpu_read_fifo_stream
 *fill*         0x0000000000005734        0xc 
 .text.mpu_set_bypass
                0x0000000000005740      0x170 build/obj/inv_mpu.o
                0x0000000000005740                mpu_set_bypass
 .text.mpu_set_int_level
                0x00000000000058b0       0x10 build/obj/inv_mpu.o
                0x00000000000058b0                mpu_set_int_level
 .text.mpu_set_int_latched
                0x00000000000058c0       0x80 build/obj/inv_mpu.o
                0x00000000000058c0                mpu_set_int_latched
 .text.mpu_lp_accel_mode
                0x0000000000005940       0xe8 build/obj/inv_mpu.o
                0x0000000000005940                mpu_lp_accel_mode
 *fill*         0x0000000000005a28        0x8 
 .text.mpu_set_sample_rate
                0x0000000000005a30       0xc4 build/obj/inv_mpu.o
                0x0000000000005a30                mpu_set_sample_rate
 *fill*         0x0000000000005af4        0xc 
 .text.mpu_set_sensors
                0x0000000000005b00      0x1dc build/obj/inv_mpu.o
                0x0000000000005b00                mpu_set_sensors
 *fill*         0x0000000000005cdc        0x4 
 .text.mpu_init
                0x0000000000005ce0      0x2f8 build/obj/inv_mpu.o
                0x0000000000005ce0                mpu_init
 *fill*         0x0000000000005fd8        0x8 
 .text.mpu_write_mem
                0x0000000000005fe0       0x74 build/obj/inv_mpu.o
                0x0000000000005fe0                mpu_write_mem
 *fill*         0x0000000000006054        0xc 
 .text.mpu_read_mem
                0x0000000000006060       0x74 build/obj/inv_mpu.o
                0x0000000000006060                mpu_read_mem
 *fill*         0x00000000000060d4        0xc 
 .text.mpu_load_firmware
                0x00000000000060e0       0xc8 build/obj/inv_mpu.o
                0x00000000000060e0                mpu_load_firmware
 *fill*         0x00000000000061a8        0x8 
 .text.mpu_set_dmp_state
                0x00000000000061b0       0x90 build/obj/inv_mpu.o
                0x00000000000061b0                mpu_set_dmp_state
 .text.mpu_get_compass_reg
                0x0000000000006240       0xb0 build/obj/inv_mpu.o
                0x0000000000006240                mpu_get_compass_reg
 .text.dmp_load_motion_driver_firmware
                0x00000000000062f0       0x1c build/obj/inv_mpu_dmp_motion_driver.o
                0x00000000000062f0                dmp_load_motion_driver_firmware
 *fill*         0x000000000000630c        0x4 
 .text.dmp_set_fifo_rate
                0x0000000000006310       0x6c build/obj/inv_mpu_dmp_motion_driver.o
                0x0000000000006310                dmp_set_fifo_rate
 *fill*         0x000000000000637c        0x4 
 .text.dmp_get_fifo_rate
                0x0000000000006380       0x10 build/obj/inv_mpu_dmp_motion_driver.o
                0x0000000000006380                dmp_get_fifo_rate
 .text.dmp_set_tap_thresh
                0x0000000000006390      0x198 build/obj/inv_mpu_dmp_motion_driver.o
                0x0000000000006390                dmp_set_tap_thresh
 *fill*         0x0000000000006528        0x8 
 .text.dmp_set_tap_axes
                0x0000000000006530       0x48 build/obj/inv_mpu_dmp_motion_driver.o
                0x0000000000006530                dmp_set_tap_axes
 *fill*         0x0000000000006578        0x8 
 .text.dmp_set_tap_count
                0x0000000000006580       0x2c build/obj/inv_mpu_dmp_motion_driver.o
                0x0000000000006580                dmp_set_tap_count
 *fill*         0x00000000000065ac        0x4 
 .text.dmp_set_tap_time
                0x00000000000065b0       0x24 build/obj/inv_mpu_dmp_motion_driver.o
                0x00000000000065b0                dmp_set_tap_time
 *fill*         0x00000000000065d4        0xc 
 .text.dmp_set_tap_time_multi
                0x00000000000065e0       0x24 build/obj/inv_mpu_dmp_motion_driver.o
                0x00000000000065e0                dmp_set_tap_time_multi
 *fill*         0x0000000000006604        0xc 
 .text.dmp_set_shake_reject_thresh
                0x0000000000006610       0x30 build/obj/inv_mpu_dmp_motion_driver.o
                0x0000000000006610                dmp_set_shake_reject_thresh
 .text.dmp_set_shake_reject_time
                0x0000000000006640       0x24 build/obj/inv_mpu_dmp_motion_driver.o
                0x0000000000006640                dmp_set_shake_reject_time
 *fill*         0x0000000000006664        0xc 
 .text.dmp_set_shake_reject_timeout
                0x0000000000006670       0x24 build/obj/inv_mpu_dmp_motion_driver.o
                0x0000000000006670                dmp_set_shake_reject_timeout
 *fill*         0x0000000000006694        0xc 
 .text.dmp_enable_gyro_cal
                0x00000000000066a0       0x48 build/obj/inv_mpu_dmp_motion_driver.o
                0x00000000000066a0                dmp_enable_gyro_cal
 *fill*         0x00000000000066e8        0x8 
 .text.dmp_enable_lp_quat
                0x00000000000066f0       0x3c build/obj/inv_mpu_dmp_motion_driver.o
                0x00000000000066f0                dmp_enable_lp_quat
 *fill*         0x000000000000672c        0x4 
 .text.dmp_enable_6x_lp_quat
                0x0000000000006730       0x3c build/obj/inv_mpu_dmp_motion_driver.o
                0x0000000000006730                dmp_enable_6x_lp_quat
 *fill*         0x000000000000676c        0x4 
 .text.dmp_enable_feature
                0x0000000000006770      0x1ec build/obj/inv_mpu_dmp_motion_driver.o
                0x0000000000006770                dmp_enable_feature
 *fill*         0x000000000000695c        0x4 
 .text.dmp_read_fifo
                0x0000000000006960      0x1e4 build/obj/inv_mpu_dmp_motion_driver.o
                0x0000000000006960                dmp_read_fifo
 *fill*         0x0000000000006b44        0xc 
 .text.dmp_register_tap_cb
                0x0000000000006b50        0xc build/obj/inv_mpu_dmp_motion_driver.o
                0x0000000000006b50                dmp_register_tap_cb
 *fill*         0x0000000000006b5c        0x4 
 .text.xchange_sd_data
                0x0000000000006b60       0x48 build/obj/diskio.o
 *fill*         0x0000000000006ba8        0x8 
 .text.xchg_spi
                0x0000000000006bb0       0x20 build/obj/diskio.o
 .text.cardDeselect
                0x0000000000006bd0       0x18 build/obj/diskio.o
 *fill*         0x0000000000006be8        0x8 
 .text.rcvr_datablock
                0x0000000000006bf0       0x48 build/obj/diskio.o
 *fill*         0x0000000000006c38        0x8 
 .text.wait_ready
                0x0000000000006c40       0x40 build/obj/diskio.o
 .text.cardSelect
                0x0000000000006c80       0x2c build/obj/diskio.o
 *fill*         0x0000000000006cac        0x4 
 .text.send_cmd
                0x0000000000006cb0       0xc4 build/obj/diskio.o
 *fill*         0x0000000000006d74        0xc 
 .text.xmit_datablock
                0x0000000000006d80       0x4c build/obj/diskio.o
 *fill*         0x0000000000006dcc        0x4 
 .text.configure_spi_master
                0x0000000000006dd0       0xd0 build/obj/diskio.o
                0x0000000000006dd0                configure_spi_master
 .text.disk_status
                0x0000000000006ea0       0x14 build/obj/diskio.o
                0x0000000000006ea0                disk_status
 *fill*         0x0000000000006eb4        0xc 
 .text.disk_initialize
                0x0000000000006ec0      0x1a0 build/obj/diskio.o
                0x0000000000006ec0                disk_initialize
 .text.disk_read
                0x0000000000007060       0x90 build/obj/diskio.o
                0x0000000000007060                disk_read
 .text.disk_write
                0x00000000000070f0       0xac build/obj/diskio.o
                0x00000000000070f0                disk_write
 *fill*         0x000000000000719c        0x4 
 .text.disk_ioctl
                0x00000000000071a0      0x204 build/obj/diskio.o
                0x00000000000071a0                disk_ioctl
 *fill*         0x00000000000073a4        0xc 
 .text.disk_timerproc
                0x00000000000073b0       0x58 build/obj/diskio.o
                0x00000000000073b0                disk_timerproc
 *fill*         0x0000000000007408        0x8 
 .text.cdc_putc
                0x0000000000007410       0x20 build/obj/sam_ba_cdc.o
                0x0000000000007410                cdc_putc
 .text.cdc_getc
                0x0000000000007430       0x20 build/obj/sam_ba_cdc.o
                0x0000000000007430                cdc_getc
 .text.cdc_is_rx_ready
                0x0000000000007450       0x24 build/obj/sam_ba_cdc.o
                0x0000000000007450                cdc_is_rx_ready
 *fill*         0x0000000000007474        0xc 
 .text.cdc_write_buf
                0x0000000000007480       0x1c build/obj/sam_ba_cdc.o
                0x0000000000007480                cdc_write_buf
 *fill*         0x000000000000749c        0x4 
 .text.software_reset_mcu
                0x00000000000074a0       0x1c build/obj/sam_ba_usb.o
                0x00000000000074a0                software_reset_mcu
 *fill*         0x00000000000074bc        0x4 
 .text.usb_init
                0x00000000000074c0       0x20 build/obj/sam_ba_usb.o
                0x00000000000074c0                usb_init
 .text.USB_SendString
                0x00000000000074e0       0x5c build/obj/sam_ba_usb.o
                0x00000000000074e0                USB_SendString
 *fill*         0x000000000000753c        0x4 
 .text.sam_ba_usb_CDC_Enumerate
                0x0000000000007540      0x464 build/obj/sam_ba_usb.o
                0x0000000000007540                sam_ba_usb_CDC_Enumerate
 *fill*         0x00000000000079a4        0xc 
 .text.USB_IsConfigured
                0x00000000000079b0       0x90 build/obj/board_driver_usb.o
                0x00000000000079b0                USB_IsConfigured
 .text.USB_Open
                0x0000000000007a40       0x1c build/obj/board_driver_usb.o
                0x0000000000007a40                USB_Open
 *fill*         0x0000000000007a5c        0x4 
 .text.USB_Init
                0x0000000000007a60      0x10c build/obj/board_driver_usb.o
                0x0000000000007a60                USB_Init
 *fill*         0x0000000000007b6c        0x4 
 .text.USB_Write
                0x0000000000007b70       0xa4 build/obj/board_driver_usb.o
                0x0000000000007b70                USB_Write
 *fill*         0x0000000000007c14        0xc 
 .text.USB_Read
                0x0000000000007c20       0x8c build/obj/board_driver_usb.o
                0x0000000000007c20                USB_Read
 *fill*         0x0000000000007cac        0x4 
 .text.USB_SendStall
                0x0000000000007cb0       0x20 build/obj/board_driver_usb.o
                0x0000000000007cb0                USB_SendStall
 .text.USB_SendZlp
                0x0000000000007cd0       0x30 build/obj/board_driver_usb.o
                0x0000000000007cd0                USB_SendZlp
 .text.USB_SetAddress
                0x0000000000007d00        0xc build/obj/board_driver_usb.o
                0x0000000000007d00                USB_SetAddress
 *fill*         0x0000000000007d0c        0x4 
 .text.USB_Configure
                0x0000000000007d10       0x6c build/obj/board_driver_usb.o
                0x0000000000007d10                USB_Configure
 *fill*         0x0000000000007d7c        0x4 
 .text.extint_detection_callback
                0x0000000000007d80       0xac build/obj/adcThread.o
                0x0000000000007d80                extint_detection_callback
 *fill*         0x0000000000007e2c        0x4 
 .text.ThreadADC
                0x0000000000007e30       0xdc build/obj/adcThread.o
                0x0000000000007e30                ThreadADC
 *fill*         0x0000000000007f0c        0x4 
 .text.ld_dword
                0x0000000000007f10       0x18 build/obj/ff.o
 *fill*         0x0000000000007f28        0x8 
 .text.st_dword
                0x0000000000007f30       0x10 build/obj/ff.o
 .text.mem_cpy  0x0000000000007f40       0x14 build/obj/ff.o
 *fill*         0x0000000000007f54        0xc 
 .text.mem_cmp  0x0000000000007f60       0x1c build/obj/ff.o
 *fill*         0x0000000000007f7c        0x4 
 .text.clst2sect
                0x0000000000007f80       0x18 build/obj/ff.o
 *fill*         0x0000000000007f98        0x8 
 .text.sum_sfn  0x0000000000007fa0       0x1c build/obj/ff.o
 *fill*         0x0000000000007fbc        0x4 
 .text.get_ldnumber
                0x0000000000007fc0       0x58 build/obj/ff.o
 *fill*         0x0000000000008018        0x8 
 .text.validate
                0x0000000000008020       0x38 build/obj/ff.o
 *fill*         0x0000000000008058        0x8 
 .text.sync_window
                0x0000000000008060       0x4c build/obj/ff.o
 *fill*         0x00000000000080ac        0x4 
 .text.move_window
                0x00000000000080b0       0x38 build/obj/ff.o
 *fill*         0x00000000000080e8        0x8 
 .text.dir_clear
                0x00000000000080f0       0x64 build/obj/ff.o
 *fill*         0x0000000000008154        0xc 
 .text.get_fileinfo
                0x0000000000008160      0x11c build/obj/ff.o
 *fill*         0x000000000000827c        0x4 
 .text.sync_fs  0x0000000000008280       0xa0 build/obj/ff.o
 .text.put_fat  0x0000000000008320      0x144 build/obj/ff.o
 *fill*         0x0000000000008464        0xc 
 .text.st_clust
                0x0000000000008470       0x18 build/obj/ff.o
 *fill*         0x0000000000008488        0x8 
 .text.get_fat  0x0000000000008490       0xe0 build/obj/ff.o
 .text.dir_sdi  0x0000000000008570       0xb0 build/obj/ff.o
 .text.create_chain
                0x0000000000008620      0x10c build/obj/ff.o
 *fill*         0x000000000000872c        0x4 
 .text.remove_chain
                0x0000000000008730       0x88 build/obj/ff.o
 *fill*         0x00000000000087b8        0x8 
 .text.dir_next
                0x00000000000087c0       0xc8 build/obj/ff.o
 *fill*         0x0000000000008888        0x8 
 .text.dir_find
                0x0000000000008890      0x1a4 build/obj/ff.o
 *fill*         0x0000000000008a34        0xc 
 .text.dir_register
                0x0000000000008a40      0x354 build/obj/ff.o
 *fill*         0x0000000000008d94        0xc 
 .text.check_fs
                0x0000000000008da0       0x8c build/obj/ff.o
 *fill*         0x0000000000008e2c        0x4 
 .text.find_volume
                0x0000000000008e30      0x358 build/obj/ff.o
 *fill*         0x0000000000009188        0x8 
 .text.dir_read
                0x0000000000009190      0x158 build/obj/ff.o
 *fill*         0x00000000000092e8        0x8 
 .text.ld_clust
                0x00000000000092f0       0x24 build/obj/ff.o
 *fill*         0x0000000000009314        0xc 
 .text.follow_path
                0x0000000000009320      0x394 build/obj/ff.o
 *fill*         0x00000000000096b4        0xc 
 .text.f_mount  0x00000000000096c0       0x58 build/obj/ff.o
                0x00000000000096c0                f_mount
 *fill*         0x0000000000009718        0x8 
 .text.f_open   0x0000000000009720      0x214 build/obj/ff.o
                0x0000000000009720                f_open
 *fill*         0x0000000000009934        0xc 
 .text.f_write  0x0000000000009940      0x1d8 build/obj/ff.o
                0x0000000000009940                f_write
 *fill*         0x0000000000009b18        0x8 
 .text.f_sync   0x0000000000009b20       0x98 build/obj/ff.o
                0x0000000000009b20                f_sync
 *fill*         0x0000000000009bb8        0x8 
 .text.f_close  0x0000000000009bc0       0x24 build/obj/ff.o
                0x0000000000009bc0                f_close
 *fill*         0x0000000000009be4        0xc 
 .text.f_opendir
                0x0000000000009bf0       0x74 build/obj/ff.o
                0x0000000000009bf0                f_opendir
 *fill*         0x0000000000009c64        0xc 
 .text.f_readdir
                0x0000000000009c70       0x4c build/obj/ff.o
                0x0000000000009c70                f_readdir
 *fill*         0x0000000000009cbc        0x4 
 .text.f_getfree
                0x0000000000009cc0       0xe8 build/obj/ff.o
                0x0000000000009cc0                f_getfree
 *fill*         0x0000000000009da8        0x8 
 .text.f_mkdir  0x0000000000009db0      0x128 build/obj/ff.o
                0x0000000000009db0                f_mkdir
 *fill*         0x0000000000009ed8        0x8 
 .text.ff_uni2oem
                0x0000000000009ee0       0x3c build/obj/ffunicode.o
                0x0000000000009ee0                ff_uni2oem
 *fill*         0x0000000000009f1c        0x4 
 .text.ff_oem2uni
                0x0000000000009f20       0x30 build/obj/ffunicode.o
                0x0000000000009f20                ff_oem2uni
 .text.ff_wtoupper
                0x0000000000009f50       0xa4 build/obj/ffunicode.o
                0x0000000000009f50                ff_wtoupper
 *fill*         0x0000000000009ff4        0xc 
 .text._ZN11TinyGPSPlusC2Ev
                0x000000000000a000       0xb8 build/obj/TinyGPS++.o
                0x000000000000a000                TinyGPSPlus::TinyGPSPlus()
                0x000000000000a000                TinyGPSPlus::TinyGPSPlus()
 *fill*         0x000000000000a0b8        0x8 
 .text._ZN11TinyGPSPlus7fromHexEc
                0x000000000000a0c0       0x20 build/obj/TinyGPS++.o
                0x000000000000a0c0                TinyGPSPlus::fromHex(char)
 .text._ZN11TinyGPSPlus12parseDecimalEPKc
                0x000000000000a0e0       0x60 build/obj/TinyGPS++.o
                0x000000000000a0e0                TinyGPSPlus::parseDecimal(char const*)
 .text._ZN11TinyGPSPlus12parseDegreesEPKcR10RawDegrees
                0x000000000000a140       0x80 build/obj/TinyGPS++.o
                0x000000000000a140                TinyGPSPlus::parseDegrees(char const*, RawDegrees&)
 .text._ZN15TinyGPSLocation6commitEv
                0x000000000000a1c0       0x2c build/obj/TinyGPS++.o
                0x000000000000a1c0                TinyGPSLocation::commit()
 *fill*         0x000000000000a1ec        0x4 
 .text._ZN11TinyGPSDate6commitEv
                0x000000000000a1f0       0x10 build/obj/TinyGPS++.o
                0x000000000000a1f0                TinyGPSDate::commit()
 .text._ZN11TinyGPSTime6commitEv
                0x000000000000a200       0x10 build/obj/TinyGPS++.o
                0x000000000000a200                TinyGPSTime::commit()
 .text._ZN11TinyGPSTime7setTimeEPKc
                0x000000000000a210       0x10 build/obj/TinyGPS++.o
                0x000000000000a210                TinyGPSTime::setTime(char const*)
 .text._ZN11TinyGPSDate7setDateEPKc
                0x000000000000a220       0x10 build/obj/TinyGPS++.o
                0x000000000000a220                TinyGPSDate::setDate(char const*)
 .text._ZN11TinyGPSDate4yearEv
                0x000000000000a230       0x1c build/obj/TinyGPS++.o
                0x000000000000a230                TinyGPSDate::year()
 *fill*         0x000000000000a24c        0x4 
 .text._ZN11TinyGPSDate5monthEv
                0x000000000000a250       0x18 build/obj/TinyGPS++.o
                0x000000000000a250                TinyGPSDate::month()
 *fill*         0x000000000000a268        0x8 
 .text._ZN11TinyGPSDate3dayEv
                0x000000000000a270       0x18 build/obj/TinyGPS++.o
                0x000000000000a270                TinyGPSDate::day()
 *fill*         0x000000000000a288        0x8 
 .text._ZN11TinyGPSTime4hourEv
                0x000000000000a290       0x18 build/obj/TinyGPS++.o
                0x000000000000a290                TinyGPSTime::hour()
 *fill*         0x000000000000a2a8        0x8 
 .text._ZN11TinyGPSTime6minuteEv
                0x000000000000a2b0       0x1c build/obj/TinyGPS++.o
                0x000000000000a2b0                TinyGPSTime::minute()
 *fill*         0x000000000000a2cc        0x4 
 .text._ZN11TinyGPSTime6secondEv
                0x000000000000a2d0       0x18 build/obj/TinyGPS++.o
                0x000000000000a2d0                TinyGPSTime::second()
 *fill*         0x000000000000a2e8        0x8 
 .text._ZN14TinyGPSDecimal6commitEv
                0x000000000000a2f0       0x10 build/obj/TinyGPS++.o
                0x000000000000a2f0                TinyGPSDecimal::commit()
 .text._ZN14TinyGPSDecimal3setEPKc
                0x000000000000a300       0x10 build/obj/TinyGPS++.o
                0x000000000000a300                TinyGPSDecimal::set(char const*)
 .text._ZN14TinyGPSInteger6commitEv
                0x000000000000a310       0x10 build/obj/TinyGPS++.o
                0x000000000000a310                TinyGPSInteger::commit()
 .text._ZN14TinyGPSInteger3setEPKc
                0x000000000000a320       0x10 build/obj/TinyGPS++.o
                0x000000000000a320                TinyGPSInteger::set(char const*)
 .text._ZN13TinyGPSCustom6commitEv
                0x000000000000a330       0x1c build/obj/TinyGPS++.o
                0x000000000000a330                TinyGPSCustom::commit()
 *fill*         0x000000000000a34c        0x4 
 .text._ZN13TinyGPSCustom3setEPKc
                0x000000000000a350        0xc build/obj/TinyGPS++.o
                0x000000000000a350                TinyGPSCustom::set(char const*)
 *fill*         0x000000000000a35c        0x4 
 .text._ZN11TinyGPSPlus16endOfTermHandlerEv
                0x000000000000a360      0x29c build/obj/TinyGPS++.o
                0x000000000000a360                TinyGPSPlus::endOfTermHandler()
 *fill*         0x000000000000a5fc        0x4 
 .text._ZN11TinyGPSPlus6encodeEc
                0x000000000000a600       0xac build/obj/TinyGPS++.o
                0x000000000000a600                TinyGPSPlus::encode(char)
 *fill*         0x000000000000a6ac        0x4 
 .text._ZN8MadgwickC2Ev
                0x000000000000a6b0       0x20 build/obj/MadgwickAHRS.o
                0x000000000000a6b0                Madgwick::Madgwick()
                0x000000000000a6b0                Madgwick::Madgwick()
 .text._ZN8Madgwick7invSqrtEf
                0x000000000000a6d0       0x58 build/obj/MadgwickAHRS.o
                0x000000000000a6d0                Madgwick::invSqrt(float)
 *fill*         0x000000000000a728        0x8 
 .text._ZN8Madgwick9updateIMUEffffff
                0x000000000000a730      0x528 build/obj/MadgwickAHRS.o
                0x000000000000a730                Madgwick::updateIMU(float, float, float, float, float, float)
 *fill*         0x000000000000ac58        0x8 
 .text._ZN8Madgwick6updateEfffffffff
                0x000000000000ac60      0x9a8 build/obj/MadgwickAHRS.o
                0x000000000000ac60                Madgwick::update(float, float, float, float, float, float, float, float, float)
 *fill*         0x000000000000b608        0x8 
 .text._ZN8Madgwick13computeAnglesEv
                0x000000000000b610       0xcc build/obj/MadgwickAHRS.o
                0x000000000000b610                Madgwick::computeAngles()
 *fill*         0x000000000000b6dc        0x4 
 .text.uart1_getc
                0x000000000000b6e0       0x48 build/obj/usbThread.o
                0x000000000000b6e0                uart1_getc
 *fill*         0x000000000000b728        0x8 
 .text.uart1_putc
                0x000000000000b730       0x90 build/obj/usbThread.o
                0x000000000000b730                uart1_putc
 .text._Z23configure_usart_consolev
                0x000000000000b7c0       0xd0 build/obj/usbThread.o
                0x000000000000b7c0                configure_usart_console()
 .text.SERCOM2_Handler
                0x000000000000b890       0xb4 build/obj/usbThread.o
                0x000000000000b890                SERCOM2_Handler
 *fill*         0x000000000000b944        0xc 
 .text._Z13consoleCharRxc
                0x000000000000b950      0x4e4 build/obj/usbThread.o
                0x000000000000b950                consoleCharRx(char)
 *fill*         0x000000000000be34        0xc 
 .text._Z11ThreadUsartPv
                0x000000000000be40       0x44 build/obj/usbThread.o
                0x000000000000be40                ThreadUsart(void*)
 *fill*         0x000000000000be84        0xc 
 .text._Z9ThreadUSBPv
                0x000000000000be90       0xf8 build/obj/usbThread.o
                0x000000000000be90                ThreadUSB(void*)
 *fill*         0x000000000000bf88        0x8 
 .text._ZL28setup_transfer_descriptor_rxP14DmacDescriptorPv
                0x000000000000bf90       0x40 build/obj/gpsThread.o
 .text._Z19configure_usart_gpsv
                0x000000000000bfd0       0xbc build/obj/gpsThread.o
                0x000000000000bfd0                configure_usart_gps()
 *fill*         0x000000000000c08c        0x4 
 .text._Z10uart2_getcv
                0x000000000000c090       0x44 build/obj/gpsThread.o
                0x000000000000c090                uart2_getc()
 *fill*         0x000000000000c0d4        0xc 
 .text.SERCOM1_Handler
                0x000000000000c0e0       0xd8 build/obj/gpsThread.o
                0x000000000000c0e0                SERCOM1_Handler
 *fill*         0x000000000000c1b8        0x8 
 .text._Z9ThreadGPSPv
                0x000000000000c1c0      0x35c build/obj/gpsThread.o
                0x000000000000c1c0                ThreadGPS(void*)
 *fill*         0x000000000000c51c        0x4 
 .text._GLOBAL__sub_I_usart_gps
                0x000000000000c520       0x10 build/obj/gpsThread.o
 .text._Z3taphh
                0x000000000000c530       0x28 build/obj/mpuThread.o
                0x000000000000c530                tap(unsigned char, unsigned char)
 *fill*         0x000000000000c558        0x8 
 .text.NMI_Handler
                0x000000000000c560       0x28 build/obj/mpuThread.o
                0x000000000000c560                NMI_Handler
 *fill*         0x000000000000c588        0x8 
 .text.i2c_write
                0x000000000000c590       0x50 build/obj/mpuThread.o
                0x000000000000c590                i2c_write
 .text.i2c_read
                0x000000000000c5e0       0x4c build/obj/mpuThread.o
                0x000000000000c5e0                i2c_read
 *fill*         0x000000000000c62c        0x4 
 .text._Z20configure_i2c_masterv
                0x000000000000c630       0x90 build/obj/mpuThread.o
                0x000000000000c630                configure_i2c_master()
 .text._Z13configure_imuv
                0x000000000000c6c0      0x130 build/obj/mpuThread.o
                0x000000000000c6c0                configure_imu()
 .text._Z9ThreadMPUPv
                0x000000000000c7f0      0x3d0 build/obj/mpuThread.o
                0x000000000000c7f0                ThreadMPU(void*)
 .text._GLOBAL__sub_I_imuStatus
                0x000000000000cbc0       0x10 build/obj/mpuThread.o
 .text._Z8date2doyjjj
                0x000000000000cbd0       0x54 build/obj/main.o
                0x000000000000cbd0                date2doy(unsigned int, unsigned int, unsigned int)
 *fill*         0x000000000000cc24        0xc 
 .text.SERCOM0_Handler
                0x000000000000cc30        0x4 build/obj/main.o
                0x000000000000cc30                SERCOM0_Handler
 *fill*         0x000000000000cc34        0xc 
 .text._Z13writeFileCharc
                0x000000000000cc40       0x28 build/obj/main.o
                0x000000000000cc40                writeFileChar(char)
 *fill*         0x000000000000cc68        0x8 
 .text.writeFile
                0x000000000000cc70       0x5c build/obj/main.o
                0x000000000000cc70                writeFile
 *fill*         0x000000000000cccc        0x4 
 .text._ZL8ThreadSDPv
                0x000000000000ccd0      0x2f0 build/obj/main.o
 .text._ZL12ThreadMinutePv
                0x000000000000cfc0       0x6c build/obj/main.o
 *fill*         0x000000000000d02c        0x4 
 .text.delay_ms
                0x000000000000d030       0x1c build/obj/main.o
                0x000000000000d030                delay_ms
 *fill*         0x000000000000d04c        0x4 
 .text._Z22configure_rtc_calendarv
                0x000000000000d050       0x54 build/obj/main.o
                0x000000000000d050                configure_rtc_calendar()
 *fill*         0x000000000000d0a4        0xc 
 .text.get_fattime
                0x000000000000d0b0       0x4c build/obj/main.o
                0x000000000000d0b0                get_fattime
 *fill*         0x000000000000d0fc        0x4 
 .text.SysTick_Handler
                0x000000000000d100       0x38 build/obj/main.o
                0x000000000000d100                SysTick_Handler
 *fill*         0x000000000000d138        0x8 
 .text._Z6put_rc7FRESULT
                0x000000000000d140       0x40 build/obj/main.o
                0x000000000000d140                put_rc(FRESULT)
 .text.RTC_Handler
                0x000000000000d180       0x28 build/obj/main.o
                0x000000000000d180                RTC_Handler
 *fill*         0x000000000000d1a8        0x8 
 .text.main     0x000000000000d1b0       0xe0 build/obj/main.o
                0x000000000000d1b0                main
 .text.asinf    0x000000000000d290       0xa8 /Users/pete/samd21/gcc-arm-none-eabi-6-2017-q1-update/bin/../lib/gcc/arm-none-eabi/6.3.1/../../../../arm-none-eabi/lib/thumb/v6-m/libm.a(lib_a-wf_asin.o)
                0x000000000000d290                asinf
 .text.atan2f   0x000000000000d338        0x8 /Users/pete/samd21/gcc-arm-none-eabi-6-2017-q1-update/bin/../lib/gcc/arm-none-eabi/6.3.1/../../../../arm-none-eabi/lib/thumb/v6-m/libm.a(lib_a-wf_atan2.o)
                0x000000000000d338                atan2f
 .text.sqrtf    0x000000000000d340       0xa4 /Users/pete/samd21/gcc-arm-none-eabi-6-2017-q1-update/bin/../lib/gcc/arm-none-eabi/6.3.1/../../../../arm-none-eabi/lib/thumb/v6-m/libm.a(lib_a-wf_sqrt.o)
                0x000000000000d340                sqrtf
 .text.__ieee754_asinf
                0x000000000000d3e4      0x2a4 /Users/pete/samd21/gcc-arm-none-eabi-6-2017-q1-update/bin/../lib/gcc/arm-none-eabi/6.3.1/../../../../arm-none-eabi/lib/thumb/v6-m/libm.a(lib_a-ef_asin.o)
                0x000000000000d3e4                __ieee754_asinf
 .text.__ieee754_atan2f
                0x000000000000d688      0x128 /Users/pete/samd21/gcc-arm-none-eabi-6-2017-q1-update/bin/../lib/gcc/arm-none-eabi/6.3.1/../../../../arm-none-eabi/lib/thumb/v6-m/libm.a(lib_a-ef_atan2.o)
                0x000000000000d688                __ieee754_atan2f
 .text.__ieee754_sqrtf
                0x000000000000d7b0       0xb8 /Users/pete/samd21/gcc-arm-none-eabi-6-2017-q1-update/bin/../lib/gcc/arm-none-eabi/6.3.1/../../../../arm-none-eabi/lib/thumb/v6-m/libm.a(lib_a-ef_sqrt.o)
                0x000000000000d7b0                __ieee754_sqrtf
 .text.matherr  0x000000000000d868        0x4 /Users/pete/samd21/gcc-arm-none-eabi-6-2017-q1-update/bin/../lib/gcc/arm-none-eabi/6.3.1/../../../../arm-none-eabi/lib/thumb/v6-m/libm.a(lib_a-s_matherr.o)
                0x000000000000d868                matherr
 .text.nan      0x000000000000d86c        0xc /Users/pete/samd21/gcc-arm-none-eabi-6-2017-q1-update/bin/../lib/gcc/arm-none-eabi/6.3.1/../../../../arm-none-eabi/lib/thumb/v6-m/libm.a(lib_a-s_nan.o)
                0x000000000000d86c                nan
 .text.atanf    0x000000000000d878      0x238 /Users/pete/samd21/gcc-arm-none-eabi-6-2017-q1-update/bin/../lib/gcc/arm-none-eabi/6.3.1/../../../../arm-none-eabi/lib/thumb/v6-m/libm.a(lib_a-sf_atan.o)
                0x000000000000d878                atanf
 .text.fabsf    0x000000000000dab0        0x8 /Users/pete/samd21/gcc-arm-none-eabi-6-2017-q1-update/bin/../lib/gcc/arm-none-eabi/6.3.1/../../../../arm-none-eabi/lib/thumb/v6-m/libm.a(lib_a-sf_fabs.o)
                0x000000000000dab0                fabsf
 .text.abort    0x000000000000dab8        0xe /Users/pete/samd21/gcc-arm-none-eabi-6-2017-q1-update/bin/../lib/gcc/arm-none-eabi/6.3.1/../../../../arm-none-eabi/lib/thumb/v6-m/libg_nano.a(lib_a-abort.o)
                0x000000000000dab8                abort
 .text.atol     0x000000000000dac6        0xc /Users/pete/samd21/gcc-arm-none-eabi-6-2017-q1-update/bin/../lib/gcc/arm-none-eabi/6.3.1/../../../../arm-none-eabi/lib/thumb/v6-m/libg_nano.a(lib_a-atol.o)
                0x000000000000dac6                atol
 *fill*         0x000000000000dad2        0x2 
 .text.__errno  0x000000000000dad4        0xc /Users/pete/samd21/gcc-arm-none-eabi-6-2017-q1-update/bin/../lib/gcc/arm-none-eabi/6.3.1/../../../../arm-none-eabi/lib/thumb/v6-m/libg_nano.a(lib_a-errno.o)
                0x000000000000dad4                __errno
 .text.memcmp   0x000000000000dae0       0x1e /Users/pete/samd21/gcc-arm-none-eabi-6-2017-q1-update/bin/../lib/gcc/arm-none-eabi/6.3.1/../../../../arm-none-eabi/lib/thumb/v6-m/libg_nano.a(lib_a-memcmp.o)
                0x000000000000dae0                memcmp
 .text.memcpy   0x000000000000dafe       0x12 /Users/pete/samd21/gcc-arm-none-eabi-6-2017-q1-update/bin/../lib/gcc/arm-none-eabi/6.3.1/../../../../arm-none-eabi/lib/thumb/v6-m/libg_nano.a(lib_a-memcpy-stub.o)
                0x000000000000dafe                memcpy
 .text.memset   0x000000000000db10       0x10 /Users/pete/samd21/gcc-arm-none-eabi-6-2017-q1-update/bin/../lib/gcc/arm-none-eabi/6.3.1/../../../../arm-none-eabi/lib/thumb/v6-m/libg_nano.a(lib_a-memset.o)
                0x000000000000db10                memset
 .text._raise_r
                0x000000000000db20       0x54 /Users/pete/samd21/gcc-arm-none-eabi-6-2017-q1-update/bin/../lib/gcc/arm-none-eabi/6.3.1/../../../../arm-none-eabi/lib/thumb/v6-m/libg_nano.a(lib_a-signal.o)
                0x000000000000db20                _raise_r
 .text.raise    0x000000000000db74       0x14 /Users/pete/samd21/gcc-arm-none-eabi-6-2017-q1-update/bin/../lib/gcc/arm-none-eabi/6.3.1/../../../../arm-none-eabi/lib/thumb/v6-m/libg_nano.a(lib_a-signal.o)
                0x000000000000db74                raise
 .text._kill_r  0x000000000000db88       0x24 /Users/pete/samd21/gcc-arm-none-eabi-6-2017-q1-update/bin/../lib/gcc/arm-none-eabi/6.3.1/../../../../arm-none-eabi/lib/thumb/v6-m/libg_nano.a(lib_a-signalr.o)
                0x000000000000db88                _kill_r
 .text._getpid_r
                0x000000000000dbac        0x8 /Users/pete/samd21/gcc-arm-none-eabi-6-2017-q1-update/bin/../lib/gcc/arm-none-eabi/6.3.1/../../../../arm-none-eabi/lib/thumb/v6-m/libg_nano.a(lib_a-signalr.o)
                0x000000000000dbac                _getpid_r
 .text.strcpy   0x000000000000dbb4       0x10 /Users/pete/samd21/gcc-arm-none-eabi-6-2017-q1-update/bin/../lib/gcc/arm-none-eabi/6.3.1/../../../../arm-none-eabi/lib/thumb/v6-m/libg_nano.a(lib_a-strcpy.o)
                0x000000000000dbb4                strcpy
 .text.strncmp  0x000000000000dbc4       0x22 /Users/pete/samd21/gcc-arm-none-eabi-6-2017-q1-update/bin/../lib/gcc/arm-none-eabi/6.3.1/../../../../arm-none-eabi/lib/thumb/v6-m/libg_nano.a(lib_a-strncmp.o)
                0x000000000000dbc4                strncmp
 .text.strncpy  0x000000000000dbe6       0x2a /Users/pete/samd21/gcc-arm-none-eabi-6-2017-q1-update/bin/../lib/gcc/arm-none-eabi/6.3.1/../../../../arm-none-eabi/lib/thumb/v6-m/libg_nano.a(lib_a-strncpy.o)
                0x000000000000dbe6                strncpy
 .text._strtol_l.isra.0
                0x000000000000dc10      0x10c /Users/pete/samd21/gcc-arm-none-eabi-6-2017-q1-update/bin/../lib/gcc/arm-none-eabi/6.3.1/../../../../arm-none-eabi/lib/thumb/v6-m/libg_nano.a(lib_a-strtol.o)
 .text.strtol   0x000000000000dd1c       0x28 /Users/pete/samd21/gcc-arm-none-eabi-6-2017-q1-update/bin/../lib/gcc/arm-none-eabi/6.3.1/../../../../arm-none-eabi/lib/thumb/v6-m/libg_nano.a(lib_a-strtol.o)
                0x000000000000dd1c                strtol
 .text.__locale_ctype_ptr_l
                0x000000000000dd44        0x6 /Users/pete/samd21/gcc-arm-none-eabi-6-2017-q1-update/bin/../lib/gcc/arm-none-eabi/6.3.1/../../../../arm-none-eabi/lib/thumb/v6-m/libg_nano.a(lib_a-locale.o)
                0x000000000000dd44                __locale_ctype_ptr_l
 .text.__ascii_mbtowc
                0x000000000000dd4a       0x24 /Users/pete/samd21/gcc-arm-none-eabi-6-2017-q1-update/bin/../lib/gcc/arm-none-eabi/6.3.1/../../../../arm-none-eabi/lib/thumb/v6-m/libg_nano.a(lib_a-mbtowc_r.o)
                0x000000000000dd4a                __ascii_mbtowc
 .text.__ascii_wctomb
                0x000000000000dd6e       0x18 /Users/pete/samd21/gcc-arm-none-eabi-6-2017-q1-update/bin/../lib/gcc/arm-none-eabi/6.3.1/../../../../arm-none-eabi/lib/thumb/v6-m/libg_nano.a(lib_a-wctomb_r.o)
                0x000000000000dd6e                __ascii_wctomb
 *(.glue_7t)
 .glue_7t       0x000000000000dd86        0x0 linker stubs
 *(.glue_7)
 .glue_7        0x000000000000dd86        0x0 linker stubs
 *(.gcc*)

.vfp11_veneer   0x000000000000dd88        0x0
 .vfp11_veneer  0x000000000000dd88        0x0 linker stubs

.v4_bx          0x000000000000dd88        0x0
 .v4_bx         0x000000000000dd88        0x0 linker stubs

.iplt           0x000000000000dd88        0x0
 .iplt          0x000000000000dd88        0x0 build/obj/crt0_v6m.o

.rodata         0x000000000000dd88     0x1e28
                0x000000000000dd88                . = ALIGN (0x4)
                0x000000000000dd88                __rodata_base__ = .
 *(.rodata)
 .rodata        0x000000000000dd88       0x18 build/obj/sercom.o
 .rodata        0x000000000000dda0       0x3b build/obj/inv_mpu_dmp_motion_driver.o
 *fill*         0x000000000000dddb        0x1 
 .rodata        0x000000000000dddc        0x4 build/obj/sam_ba_usb.o
 .rodata        0x000000000000dde0      0x113 build/obj/main.o
 *fill*         0x000000000000def3        0x1 
 .rodata        0x000000000000def4       0x80 /Users/pete/samd21/gcc-arm-none-eabi-6-2017-q1-update/bin/../lib/gcc/arm-none-eabi/6.3.1/thumb/v6-m/libgcc.a(divsf3.o)
 .rodata        0x000000000000df74       0x40 /Users/pete/samd21/gcc-arm-none-eabi-6-2017-q1-update/bin/../lib/gcc/arm-none-eabi/6.3.1/thumb/v6-m/libgcc.a(mulsf3.o)
 .rodata        0x000000000000dfb4       0x40 /Users/pete/samd21/gcc-arm-none-eabi-6-2017-q1-update/bin/../lib/gcc/arm-none-eabi/6.3.1/thumb/v6-m/libgcc.a(divdf3.o)
 *(.rodata.*)
 .rodata.ram_areas
                0x000000000000dff4       0x80 build/obj/crt1.o
 .rodata.chSysInit.str1.4
                0x000000000000e074        0xf build/obj/ch.o
 *fill*         0x000000000000e083        0x1 
 .rodata.system_clock_source_get_hz
                0x000000000000e084       0x24 build/obj/clock.o
 .rodata.system_clock_source_enable
                0x000000000000e0a8       0x24 build/obj/clock.o
 .rodata.xvprintf
                0x000000000000e0cc       0x5c build/obj/xprintf.o
 .rodata.mpu_set_sample_rate.cst2
                0x000000000000e128        0x2 build/obj/inv_mpu.o
 *fill*         0x000000000000e12a        0x2 
 .rodata.hw     0x000000000000e12c        0xe build/obj/inv_mpu.o
                0x000000000000e12c                hw
 *fill*         0x000000000000e13a        0x2 
 .rodata.mpu_init.str1.4
                0x000000000000e13c       0x14 build/obj/inv_mpu.o
 .rodata.reg    0x000000000000e150       0x2a build/obj/inv_mpu.o
                0x000000000000e150                reg
 *fill*         0x000000000000e17a        0x2 
 .rodata.test   0x000000000000e17c       0x30 build/obj/inv_mpu.o
                0x000000000000e17c                test
 .rodata.dmp_memory
                0x000000000000e1ac      0xbf6 build/obj/inv_mpu_dmp_motion_driver.o
 *fill*         0x000000000000eda2        0x2 
 .rodata.devDescriptor
                0x000000000000eda4       0x12 build/obj/sam_ba_usb.o
 *fill*         0x000000000000edb6        0x2 
 .rodata.sam_ba_usb_CDC_Enumerate.str1.4
                0x000000000000edb8       0x1a build/obj/sam_ba_usb.o
 *fill*         0x000000000000edd2        0x2 
 .rodata.ThreadADC.str1.4
                0x000000000000edd4       0x15 build/obj/adcThread.o
 *fill*         0x000000000000ede9        0x3 
 .rodata.ExCvt  0x000000000000edec       0x80 build/obj/ff.o
 .rodata.LfnOfs
                0x000000000000ee6c        0xd build/obj/ff.o
 *fill*         0x000000000000ee79        0x3 
 .rodata.check_fs.str1.4
                0x000000000000ee7c        0xa build/obj/ff.o
 *fill*         0x000000000000ee86        0x2 
 .rodata.follow_path.str1.4
                0x000000000000ee88       0x13 build/obj/ff.o
 *fill*         0x000000000000ee9b        0x1 
 .rodata.ff_wtoupper
                0x000000000000ee9c       0x24 build/obj/ffunicode.o
 .rodata.cvt1.4344
                0x000000000000eec0      0x1f2 build/obj/ffunicode.o
 *fill*         0x000000000000f0b2        0x2 
 .rodata.cvt2.4345
                0x000000000000f0b4       0xbc build/obj/ffunicode.o
 .rodata.uc437  0x000000000000f170      0x100 build/obj/ffunicode.o
 .rodata._ZN11TinyGPSPlus16endOfTermHandlerEv
                0x000000000000f270       0xa8 build/obj/TinyGPS++.o
 .rodata._ZN11TinyGPSPlus6encodeEc
                0x000000000000f318       0x8c build/obj/TinyGPS++.o
 .rodata._ZN11TinyGPSPlus16endOfTermHandlerEv.str1.4
                0x000000000000f3a4       0x1e build/obj/TinyGPS++.o
 *fill*         0x000000000000f3c2        0x2 
 .rodata._Z11ThreadUsartPv.str1.4
                0x000000000000f3c4        0xd build/obj/usbThread.o
 *fill*         0x000000000000f3d1        0x3 
 .rodata._Z13consoleCharRxc.str1.4
                0x000000000000f3d4      0x1d6 build/obj/usbThread.o
 *fill*         0x000000000000f5aa        0x2 
 .rodata._Z9ThreadUSBPv.str1.4
                0x000000000000f5ac       0x68 build/obj/usbThread.o
 .rodata._Z9ThreadGPSPv.str1.4
                0x000000000000f614       0xda build/obj/gpsThread.o
 *fill*         0x000000000000f6ee        0x2 
 .rodata._Z13configure_imuv.str1.4
                0x000000000000f6f0       0x36 build/obj/mpuThread.o
 *fill*         0x000000000000f726        0x2 
 .rodata._Z3taphh.str1.4
                0x000000000000f728       0x15 build/obj/mpuThread.o
 *fill*         0x000000000000f73d        0x3 
 .rodata._Z9ThreadMPUPv.str1.4
                0x000000000000f740       0xac build/obj/mpuThread.o
 .rodata.RTC_Handler.str1.4
                0x000000000000f7ec        0xf build/obj/main.o
 *fill*         0x000000000000f7fb        0x1 
 .rodata._Z6put_rc7FRESULT.str1.4
                0x000000000000f7fc        0xd build/obj/main.o
 *fill*         0x000000000000f809        0x3 
 .rodata._ZL11startString
                0x000000000000f80c        0x8 build/obj/main.o
 .rodata._ZL12ThreadMinutePv.str1.4
                0x000000000000f814        0xe build/obj/main.o
                                         0x33 (size before relaxing)
 *fill*         0x000000000000f822        0x2 
 .rodata._ZL13newFileString
                0x000000000000f824        0x8 build/obj/main.o
 .rodata._ZL8ThreadSDPv.str1.4
                0x000000000000f82c      0x105 build/obj/main.o
                                        0x109 (size before relaxing)
 *fill*         0x000000000000f931        0x3 
 .rodata.main.str1.4
                0x000000000000f934       0x71 build/obj/main.o
 *fill*         0x000000000000f9a5        0x3 
 .rodata.nil_thd_configs
                0x000000000000f9a8       0xa0 build/obj/main.o
                0x000000000000f9a8                nil_thd_configs
 .rodata.str1.4
                0x000000000000fa48       0x29 build/obj/main.o
 *fill*         0x000000000000fa71        0x3 
 .rodata.asinf.str1.4
                0x000000000000fa74        0x6 /Users/pete/samd21/gcc-arm-none-eabi-6-2017-q1-update/bin/../lib/gcc/arm-none-eabi/6.3.1/../../../../arm-none-eabi/lib/thumb/v6-m/libm.a(lib_a-wf_asin.o)
                                          0x9 (size before relaxing)
 *fill*         0x000000000000fa7a        0x2 
 .rodata.sqrtf.str1.4
                0x000000000000fa7c        0x8 /Users/pete/samd21/gcc-arm-none-eabi-6-2017-q1-update/bin/../lib/gcc/arm-none-eabi/6.3.1/../../../../arm-none-eabi/lib/thumb/v6-m/libm.a(lib_a-wf_sqrt.o)
                                          0x6 (size before relaxing)
 .rodata.atanhi
                0x000000000000fa84       0x10 /Users/pete/samd21/gcc-arm-none-eabi-6-2017-q1-update/bin/../lib/gcc/arm-none-eabi/6.3.1/../../../../arm-none-eabi/lib/thumb/v6-m/libm.a(lib_a-sf_atan.o)
 .rodata.atanlo
                0x000000000000fa94       0x10 /Users/pete/samd21/gcc-arm-none-eabi-6-2017-q1-update/bin/../lib/gcc/arm-none-eabi/6.3.1/../../../../arm-none-eabi/lib/thumb/v6-m/libm.a(lib_a-sf_atan.o)
 .rodata._setlocale_r.str1.1
                0x000000000000faa4        0x8 /Users/pete/samd21/gcc-arm-none-eabi-6-2017-q1-update/bin/../lib/gcc/arm-none-eabi/6.3.1/../../../../arm-none-eabi/lib/thumb/v6-m/libg_nano.a(lib_a-locale.o)
                                          0x9 (size before relaxing)
 .rodata.str1.1
                0x000000000000faac        0x2 /Users/pete/samd21/gcc-arm-none-eabi-6-2017-q1-update/bin/../lib/gcc/arm-none-eabi/6.3.1/../../../../arm-none-eabi/lib/thumb/v6-m/libg_nano.a(lib_a-locale.o)
 .rodata._ctype_
                0x000000000000faae      0x101 /Users/pete/samd21/gcc-arm-none-eabi-6-2017-q1-update/bin/../lib/gcc/arm-none-eabi/6.3.1/../../../../arm-none-eabi/lib/thumb/v6-m/libg_nano.a(lib_a-ctype_.o)
                0x000000000000faae                _ctype_
                0x000000000000fbb0                . = ALIGN (0x4)
 *fill*         0x000000000000fbaf        0x1 
                0x000000000000fbb0                __rodata_end__ = .

.ARM.extab      0x000000000000fbb0       0x60
 *(.ARM.extab* .gnu.linkonce.armextab.*)
 .ARM.extab.text._Z13consoleCharRxc
                0x000000000000fbb0        0xc build/obj/usbThread.o
 .ARM.extab.text._Z9ThreadGPSPv
                0x000000000000fbbc        0xc build/obj/gpsThread.o
 .ARM.extab.text._Z9ThreadMPUPv
                0x000000000000fbc8        0xc build/obj/mpuThread.o
 .ARM.extab.text._ZL8ThreadSDPv
                0x000000000000fbd4        0xc build/obj/main.o
 .ARM.extab     0x000000000000fbe0       0x24 /Users/pete/samd21/gcc-arm-none-eabi-6-2017-q1-update/bin/../lib/gcc/arm-none-eabi/6.3.1/thumb/v6-m/libgcc.a(unwind-arm.o)
 .ARM.extab     0x000000000000fc04        0xc /Users/pete/samd21/gcc-arm-none-eabi-6-2017-q1-update/bin/../lib/gcc/arm-none-eabi/6.3.1/thumb/v6-m/libgcc.a(pr-support.o)

.ARM.exidx      0x000000000000fc10      0x1c8
                0x000000000000fc10                __exidx_start = .
 *(.ARM.exidx* .gnu.linkonce.armexidx.*)
 .ARM.exidx.text._ZN11TinyGPSPlusC2Ev
                0x000000000000fcd8        0x0 build/obj/TinyGPS++.o
                                          0x8 (size before relaxing)
 .ARM.exidx.text._ZN11TinyGPSPlus7fromHexEc
                0x000000000000fcd8        0x0 build/obj/TinyGPS++.o
                                          0x8 (size before relaxing)
 .ARM.exidx.text._ZN11TinyGPSPlus12parseDecimalEPKc
                0x000000000000fcd8        0x0 build/obj/TinyGPS++.o
                                          0x8 (size before relaxing)
 .ARM.exidx.text._ZN11TinyGPSPlus12parseDegreesEPKcR10RawDegrees
                0x000000000000fcd8        0x0 build/obj/TinyGPS++.o
                                          0x8 (size before relaxing)
 .ARM.exidx.text._ZN15TinyGPSLocation6commitEv
                0x000000000000fcd8        0x0 build/obj/TinyGPS++.o
                                          0x8 (size before relaxing)
 .ARM.exidx.text._ZN11TinyGPSDate6commitEv
                0x000000000000fcd8        0x0 build/obj/TinyGPS++.o
                                          0x8 (size before relaxing)
 .ARM.exidx.text._ZN11TinyGPSTime6commitEv
                0x000000000000fcd8        0x0 build/obj/TinyGPS++.o
                                          0x8 (size before relaxing)
 .ARM.exidx.text._ZN11TinyGPSTime7setTimeEPKc
                0x000000000000fcd8        0x0 build/obj/TinyGPS++.o
                                          0x8 (size before relaxing)
 .ARM.exidx.text._ZN11TinyGPSDate7setDateEPKc
                0x000000000000fcd8        0x0 build/obj/TinyGPS++.o
                                          0x8 (size before relaxing)
 .ARM.exidx.text._ZN11TinyGPSDate4yearEv
                0x000000000000fcd8        0x0 build/obj/TinyGPS++.o
                                          0x8 (size before relaxing)
 .ARM.exidx.text._ZN11TinyGPSDate5monthEv
                0x000000000000fcd8        0x0 build/obj/TinyGPS++.o
                                          0x8 (size before relaxing)
 .ARM.exidx.text._ZN11TinyGPSDate3dayEv
                0x000000000000fcd8        0x0 build/obj/TinyGPS++.o
                                          0x8 (size before relaxing)
 .ARM.exidx.text._ZN11TinyGPSTime4hourEv
                0x000000000000fcd8        0x0 build/obj/TinyGPS++.o
                                          0x8 (size before relaxing)
 .ARM.exidx.text._ZN11TinyGPSTime6minuteEv
                0x000000000000fcd8        0x0 build/obj/TinyGPS++.o
                                          0x8 (size before relaxing)
 .ARM.exidx.text._ZN11TinyGPSTime6secondEv
                0x000000000000fcd8        0x0 build/obj/TinyGPS++.o
                                          0x8 (size before relaxing)
 .ARM.exidx.text._ZN14TinyGPSDecimal6commitEv
                0x000000000000fcd8        0x0 build/obj/TinyGPS++.o
                                          0x8 (size before relaxing)
 .ARM.exidx.text._ZN14TinyGPSDecimal3setEPKc
                0x000000000000fcd8        0x0 build/obj/TinyGPS++.o
                                          0x8 (size before relaxing)
 .ARM.exidx.text._ZN14TinyGPSInteger6commitEv
                0x000000000000fcd8        0x0 build/obj/TinyGPS++.o
                                          0x8 (size before relaxing)
 .ARM.exidx.text._ZN14TinyGPSInteger3setEPKc
                0x000000000000fcd8        0x0 build/obj/TinyGPS++.o
                                          0x8 (size before relaxing)
 .ARM.exidx.text._ZN13TinyGPSCustom6commitEv
                0x000000000000fcd8        0x0 build/obj/TinyGPS++.o
                                          0x8 (size before relaxing)
 .ARM.exidx.text._ZN13TinyGPSCustom3setEPKc
                0x000000000000fcd8        0x0 build/obj/TinyGPS++.o
                                          0x8 (size before relaxing)
 .ARM.exidx.text._ZN11TinyGPSPlus16endOfTermHandlerEv
                0x000000000000fcd8        0x0 build/obj/TinyGPS++.o
                                          0x8 (size before relaxing)
 .ARM.exidx.text._ZN11TinyGPSPlus6encodeEc
                0x000000000000fcd8        0x0 build/obj/TinyGPS++.o
                                          0x8 (size before relaxing)
 .ARM.exidx.text._ZN8MadgwickC2Ev
                0x000000000000fcd8        0x0 build/obj/MadgwickAHRS.o
                                          0x8 (size before relaxing)
 .ARM.exidx.text._ZN8Madgwick7invSqrtEf
                0x000000000000fcd8        0x0 build/obj/MadgwickAHRS.o
                                          0x8 (size before relaxing)
 .ARM.exidx.text._ZN8Madgwick9updateIMUEffffff
                0x000000000000fcd8        0x0 build/obj/MadgwickAHRS.o
                                          0x8 (size before relaxing)
 .ARM.exidx.text._ZN8Madgwick6updateEfffffffff
                0x000000000000fcd8        0x8 build/obj/MadgwickAHRS.o
 .ARM.exidx.text._ZN8Madgwick13computeAnglesEv
                0x000000000000fce0        0x8 build/obj/MadgwickAHRS.o
 .ARM.exidx.text.uart1_getc
                0x000000000000fce8        0x8 build/obj/usbThread.o
 .ARM.exidx.text.uart1_putc
                0x000000000000fcf0        0x8 build/obj/usbThread.o
 .ARM.exidx.text._Z23configure_usart_consolev
                0x000000000000fcf8        0x8 build/obj/usbThread.o
 .ARM.exidx.text.SERCOM2_Handler
                0x000000000000fd00        0x8 build/obj/usbThread.o
 .ARM.exidx.text._Z13consoleCharRxc
                0x000000000000fd08        0x8 build/obj/usbThread.o
 .ARM.exidx.text._Z11ThreadUsartPv
                0x000000000000fd10        0x8 build/obj/usbThread.o
 .ARM.exidx.text._Z9ThreadUSBPv
                0x000000000000fd18        0x0 build/obj/usbThread.o
                                          0x8 (size before relaxing)
 .ARM.exidx.text._ZL28setup_transfer_descriptor_rxP14DmacDescriptorPv
                0x000000000000fd18        0x8 build/obj/gpsThread.o
 .ARM.exidx.text._Z19configure_usart_gpsv
                0x000000000000fd20        0x8 build/obj/gpsThread.o
 .ARM.exidx.text._Z10uart2_getcv
                0x000000000000fd28        0x8 build/obj/gpsThread.o
 .ARM.exidx.text.SERCOM1_Handler
                0x000000000000fd30        0x8 build/obj/gpsThread.o
 .ARM.exidx.text._Z9ThreadGPSPv
                0x000000000000fd38        0x8 build/obj/gpsThread.o
 .ARM.exidx.text._GLOBAL__sub_I_usart_gps
                0x000000000000fd40        0x8 build/obj/gpsThread.o
 .ARM.exidx.text._Z3taphh
                0x000000000000fd48        0x8 build/obj/mpuThread.o
 .ARM.exidx.text.NMI_Handler
                0x000000000000fd50        0x8 build/obj/mpuThread.o
 .ARM.exidx.text.i2c_write
                0x000000000000fd58        0x8 build/obj/mpuThread.o
 .ARM.exidx.text.i2c_read
                0x000000000000fd60        0x0 build/obj/mpuThread.o
                                          0x8 (size before relaxing)
 .ARM.exidx.text._Z20configure_i2c_masterv
                0x000000000000fd60        0x8 build/obj/mpuThread.o
 .ARM.exidx.text._Z13configure_imuv
                0x000000000000fd68        0x8 build/obj/mpuThread.o
 .ARM.exidx.text._Z9ThreadMPUPv
                0x000000000000fd70        0x8 build/obj/mpuThread.o
 .ARM.exidx.text._GLOBAL__sub_I_imuStatus
                0x000000000000fd78        0x8 build/obj/mpuThread.o
 .ARM.exidx.text._Z8date2doyjjj
                0x000000000000fd80        0x0 build/obj/main.o
                                          0x8 (size before relaxing)
 .ARM.exidx.text.SERCOM0_Handler
                0x000000000000fd80        0x0 build/obj/main.o
                                          0x8 (size before relaxing)
 .ARM.exidx.text._Z13writeFileCharc
                0x000000000000fd80        0x0 build/obj/main.o
                                          0x8 (size before relaxing)
 .ARM.exidx.text.writeFile
                0x000000000000fd80        0x8 build/obj/main.o
 .ARM.exidx.text._ZL8ThreadSDPv
                0x000000000000fd88        0x8 build/obj/main.o
 .ARM.exidx.text._ZL12ThreadMinutePv
                0x000000000000fd90        0x8 build/obj/main.o
 .ARM.exidx.text.delay_ms
                0x000000000000fd98        0x8 build/obj/main.o
 .ARM.exidx.text._Z22configure_rtc_calendarv
                0x000000000000fda0        0x8 build/obj/main.o
 .ARM.exidx.text.get_fattime
                0x000000000000fda8        0x8 build/obj/main.o
 .ARM.exidx.text.SysTick_Handler
                0x000000000000fdb0        0x8 build/obj/main.o
 .ARM.exidx.text._Z6put_rc7FRESULT
                0x000000000000fdb8        0x8 build/obj/main.o
 .ARM.exidx.text.RTC_Handler
                0x000000000000fdc0        0x8 build/obj/main.o
 .ARM.exidx.text.main
                0x000000000000fdc8       0x10 build/obj/main.o
                                          0x8 (size before relaxing)
 .ARM.exidx     0x000000000000fc10       0x98 /Users/pete/samd21/gcc-arm-none-eabi-6-2017-q1-update/bin/../lib/gcc/arm-none-eabi/6.3.1/thumb/v6-m/libgcc.a(unwind-arm.o)
                                         0xd8 (size before relaxing)
 .ARM.exidx     0x000000000000fca8       0x30 /Users/pete/samd21/gcc-arm-none-eabi-6-2017-q1-update/bin/../lib/gcc/arm-none-eabi/6.3.1/thumb/v6-m/libgcc.a(pr-support.o)
                                         0x48 (size before relaxing)
                0x000000000000fdd8                __exidx_end = .

.rel.dyn        0x000000000000fdd8        0x0
 .rel.iplt      0x000000000000fdd8        0x0 build/obj/crt0_v6m.o

.eh_frame_hdr
 *(.eh_frame_hdr)

.eh_frame
 *(.eh_frame)
                0x0000000020000000                __ram0_start__ = ORIGIN (ram0)
                0x0000000000008000                __ram0_size__ = LENGTH (ram0)
                0x0000000020008000                __ram0_end__ = (__ram0_start__ + __ram0_size__)
                0x0000000000000000                __ram1_start__ = ORIGIN (ram1)
                0x0000000000000000                __ram1_size__ = LENGTH (ram1)
                0x0000000000000000                __ram1_end__ = (__ram1_start__ + __ram1_size__)
                0x0000000000000000                __ram2_start__ = ORIGIN (ram2)
                0x0000000000000000                __ram2_size__ = LENGTH (ram2)
                0x0000000000000000                __ram2_end__ = (__ram2_start__ + __ram2_size__)
                0x0000000000000000                __ram3_start__ = ORIGIN (ram3)
                0x0000000000000000                __ram3_size__ = LENGTH (ram3)
                0x0000000000000000                __ram3_end__ = (__ram3_start__ + __ram3_size__)
                0x0000000000000000                __ram4_start__ = ORIGIN (ram4)
                0x0000000000000000                __ram4_size__ = LENGTH (ram4)
                0x0000000000000000                __ram4_end__ = (__ram4_start__ + __ram4_size__)